 uwb_hw_cosim_kintex_sfun

 Timestamp is 54b499a0 (Tue Jan 13 11:05:52 2015)

 Preferred load address is 0000000180000000

 Start         Length     Name                   Class
 0001:00000000 00041b34H .text                   CODE
 0001:00041b40 00000092H .text$x                 CODE
 0002:00000000 00000478H .idata$5                DATA
 0002:00000478 00000008H .CRT$XCA                DATA
 0002:00000480 00000008H .CRT$XCZ                DATA
 0002:00000488 00000008H .CRT$XIA                DATA
 0002:00000490 00000008H .CRT$XIAA               DATA
 0002:00000498 00000008H .CRT$XIZ                DATA
 0002:000004a0 00004bbcH .rdata                  DATA
 0002:00005060 00000008H .rtc$IAA                DATA
 0002:00005068 00000008H .rtc$IZZ                DATA
 0002:00005070 00000008H .rtc$TAA                DATA
 0002:00005078 00000008H .rtc$TZZ                DATA
 0002:00005080 000043b4H .xdata                  DATA
 0002:00009434 0000008cH .idata$2                DATA
 0002:000094c0 00000014H .idata$3                DATA
 0002:000094d8 00000478H .idata$4                DATA
 0002:00009950 00000a5cH .idata$6                DATA
 0002:0000a3b0 0000005eH .edata                  DATA
 0003:00000000 00004308H .data                   DATA
 0003:00004320 0065df18H .bss                    DATA
 0004:00000000 0000354cH .pdata                  DATA

  Address         Publics by Value              Rva+Base               Lib:Object

 0000:00000000       ___safe_se_handler_count   0000000000000000     <absolute>
 0000:00000000       ___safe_se_handler_table   0000000000000000     <absolute>
 0000:00000000       __ImageBase                0000000180000000     <linker-defined>
 0001:00000000       sf_c1_uwb_hw_cosim_kintex_get_eml_resolved_functions_info 0000000180001000 f   c1_uwb_hw_cosim_kintex.obj
 0001:00000950       sf_c1_uwb_hw_cosim_kintex_get_check_sum 0000000180001950 f   c1_uwb_hw_cosim_kintex.obj
 0001:000009d0       sf_c1_uwb_hw_cosim_kintex_get_autoinheritance_info 00000001800019d0 f   c1_uwb_hw_cosim_kintex.obj
 0001:00000f40       sf_internal_get_sim_state_c1_uwb_hw_cosim_kintex 0000000180001f40 f   c1_uwb_hw_cosim_kintex.obj
 0001:00001300       sf_internal_set_sim_state_c1_uwb_hw_cosim_kintex 0000000180002300 f   c1_uwb_hw_cosim_kintex.obj
 0001:000017e0       c1_uwb_hw_cosim_kintex_method_dispatcher 00000001800027e0 f   c1_uwb_hw_cosim_kintex.obj
 0001:00003cb0       sf_c2_uwb_hw_cosim_kintex_get_eml_resolved_functions_info 0000000180004cb0 f   c2_uwb_hw_cosim_kintex.obj
 0001:00004670       sf_c2_uwb_hw_cosim_kintex_get_check_sum 0000000180005670 f   c2_uwb_hw_cosim_kintex.obj
 0001:000046f0       sf_c2_uwb_hw_cosim_kintex_get_autoinheritance_info 00000001800056f0 f   c2_uwb_hw_cosim_kintex.obj
 0001:00004c60       sf_internal_get_sim_state_c2_uwb_hw_cosim_kintex 0000000180005c60 f   c2_uwb_hw_cosim_kintex.obj
 0001:00005020       sf_internal_set_sim_state_c2_uwb_hw_cosim_kintex 0000000180006020 f   c2_uwb_hw_cosim_kintex.obj
 0001:00005510       c2_uwb_hw_cosim_kintex_method_dispatcher 0000000180006510 f   c2_uwb_hw_cosim_kintex.obj
 0001:000079a0       sf_c3_uwb_hw_cosim_kintex_get_eml_resolved_functions_info 00000001800089a0 f   c3_uwb_hw_cosim_kintex.obj
 0001:00008420       sf_c3_uwb_hw_cosim_kintex_get_check_sum 0000000180009420 f   c3_uwb_hw_cosim_kintex.obj
 0001:000084a0       sf_c3_uwb_hw_cosim_kintex_get_autoinheritance_info 00000001800094a0 f   c3_uwb_hw_cosim_kintex.obj
 0001:00008a10       sf_internal_get_sim_state_c3_uwb_hw_cosim_kintex 0000000180009a10 f   c3_uwb_hw_cosim_kintex.obj
 0001:00008dd0       sf_internal_set_sim_state_c3_uwb_hw_cosim_kintex 0000000180009dd0 f   c3_uwb_hw_cosim_kintex.obj
 0001:000092b0       c3_uwb_hw_cosim_kintex_method_dispatcher 000000018000a2b0 f   c3_uwb_hw_cosim_kintex.obj
 0001:0000b760       sf_c4_uwb_hw_cosim_kintex_get_eml_resolved_functions_info 000000018000c760 f   c4_uwb_hw_cosim_kintex.obj
 0001:0000c0b0       sf_c4_uwb_hw_cosim_kintex_get_check_sum 000000018000d0b0 f   c4_uwb_hw_cosim_kintex.obj
 0001:0000c130       sf_c4_uwb_hw_cosim_kintex_get_autoinheritance_info 000000018000d130 f   c4_uwb_hw_cosim_kintex.obj
 0001:0000c6a0       sf_internal_get_sim_state_c4_uwb_hw_cosim_kintex 000000018000d6a0 f   c4_uwb_hw_cosim_kintex.obj
 0001:0000ca40       sf_internal_set_sim_state_c4_uwb_hw_cosim_kintex 000000018000da40 f   c4_uwb_hw_cosim_kintex.obj
 0001:0000cec0       c4_uwb_hw_cosim_kintex_method_dispatcher 000000018000dec0 f   c4_uwb_hw_cosim_kintex.obj
 0001:0000f320       sf_process_check_sum_call  0000000180010320 f   uwb_hw_cosim_kintex_sfun_registry.obj
 0001:0000f370       sf_process_autoinheritance_call 0000000180010370 f   uwb_hw_cosim_kintex_sfun_registry.obj
 0001:0000f510       sf_process_get_eml_resolved_functions_info_call 0000000180010510 f   uwb_hw_cosim_kintex_sfun_registry.obj
 0001:0000f690       sf_mex_unlock_call         0000000180010690 f   uwb_hw_cosim_kintex_sfun_registry.obj
 0001:0000f740       sf_machine_global_initializer_called 0000000180010740 f   uwb_hw_cosim_kintex_sfun_registry.obj
 0001:0000f770       sf_machine_global_method_dispatcher 0000000180010770 f   uwb_hw_cosim_kintex_sfun_registry.obj
 0001:0000f7d0       sf_machine_global_terminator 00000001800107d0 f   uwb_hw_cosim_kintex_sfun_registry.obj
 0001:0000f810       sf_register_machine_exported_symbols 0000000180010810 f   uwb_hw_cosim_kintex_sfun_registry.obj
 0001:0000f830       callCustomFcn              0000000180010830 f   uwb_hw_cosim_kintex_sfun_registry.obj
 0001:0000f840       sf_machine_global_initializer 0000000180010840 f   uwb_hw_cosim_kintex_sfun_registry.obj
 0001:0000f8b0       _ssSetStateAbsTol          00000001800108b0 f   uwb_hw_cosim_kintex_sfun_registry.obj
 0001:0000f990       _ssGetAbsTol               0000000180010990 f   uwb_hw_cosim_kintex_sfun_registry.obj
 0001:0000fa00       _ssSetInputPortMatrixDimensions 0000000180010a00 f   uwb_hw_cosim_kintex_sfun_registry.obj
 0001:0000fb10       _ssSetOutputPortMatrixDimensions 0000000180010b10 f   uwb_hw_cosim_kintex_sfun_registry.obj
 0001:0000fc20       _ssSetInputPortVectorDimension 0000000180010c20 f   uwb_hw_cosim_kintex_sfun_registry.obj
 0001:0000fcf0       _ssSetOutputPortVectorDimension 0000000180010cf0 f   uwb_hw_cosim_kintex_sfun_registry.obj
 0001:0000fdc0       ssIsRunTimeParamTunable    0000000180010dc0 f   uwb_hw_cosim_kintex_sfun_registry.obj
 0001:0000fe30       ssGetSFuncBlockHandle      0000000180010e30 f   uwb_hw_cosim_kintex_sfun_registry.obj
 0001:0000fea0       _ssGetCurrentInputPortWidth 0000000180010ea0 f   uwb_hw_cosim_kintex_sfun_registry.obj
 0001:0000ffc0       _ssGetCurrentOutputPortWidth 0000000180010fc0 f   uwb_hw_cosim_kintex_sfun_registry.obj
 0001:000100e0       _ssGetCallSystemNumFcnCallDestinations 00000001800110e0 f   uwb_hw_cosim_kintex_sfun_registry.obj
 0001:00010150       ssWarning                  0000000180011150 f   uwb_hw_cosim_kintex_sfun_registry.obj
 0001:00010260       ssGetIsZeroCrossControlDisabled 0000000180011260 f   uwb_hw_cosim_kintex_sfun_registry.obj
 0001:000102d0       ssSetIsInputPortUsedForContZcSignal 00000001800112d0 f   uwb_hw_cosim_kintex_sfun_registry.obj
 0001:00010340       ssSetZcSignalIsZcElementDisc 0000000180011340 f   uwb_hw_cosim_kintex_sfun_registry.obj
 0001:000103f0       ssSetZcSignalName          00000001800113f0 f   uwb_hw_cosim_kintex_sfun_registry.obj
 0001:00010460       ssSetZcSignalWidth         0000000180011460 f   uwb_hw_cosim_kintex_sfun_registry.obj
 0001:000104d0       ssSetZcSignalZcEventType   00000001800114d0 f   uwb_hw_cosim_kintex_sfun_registry.obj
 0001:00010540       ssSetZcSignalType          0000000180011540 f   uwb_hw_cosim_kintex_sfun_registry.obj
 0001:000105b0       ssSetZcSignalZcTol         00000001800115b0 f   uwb_hw_cosim_kintex_sfun_registry.obj
 0001:00010620       ssSetZcSignalNeedsEventNotification 0000000180011620 f   uwb_hw_cosim_kintex_sfun_registry.obj
 0001:00010690       ssCreateAndAddZcSignalInfo 0000000180011690 f   uwb_hw_cosim_kintex_sfun_registry.obj
 0001:00010700       ssCloneAndAddZcSignalInfo  0000000180011700 f   uwb_hw_cosim_kintex_sfun_registry.obj
 0001:00010770       ssGetNumZcSignals          0000000180011770 f   uwb_hw_cosim_kintex_sfun_registry.obj
 0001:000107e0       ssGetZcSignalVector        00000001800117e0 f   uwb_hw_cosim_kintex_sfun_registry.obj
 0001:00010850       ssGetZcSignalZcEvents      0000000180011850 f   uwb_hw_cosim_kintex_sfun_registry.obj
 0001:000108c0       ssGetZcSignalName          00000001800118c0 f   uwb_hw_cosim_kintex_sfun_registry.obj
 0001:00010930       ssGetZcSignalWidth         0000000180011930 f   uwb_hw_cosim_kintex_sfun_registry.obj
 0001:000109a0       ssGetZcSignalZcEventType   00000001800119a0 f   uwb_hw_cosim_kintex_sfun_registry.obj
 0001:00010a10       ssGetZcSignalType          0000000180011a10 f   uwb_hw_cosim_kintex_sfun_registry.obj
 0001:00010a80       ssGetZcSignalZcTol         0000000180011a80 f   uwb_hw_cosim_kintex_sfun_registry.obj
 0001:00010b00       ssGetZcSignalNeedsEventNotification 0000000180011b00 f   uwb_hw_cosim_kintex_sfun_registry.obj
 0001:00010b70       ssGetZcSignalIsZcElementDisc 0000000180011b70 f   uwb_hw_cosim_kintex_sfun_registry.obj
 0001:00010c10       ssGetIsInputPortElementContinuous 0000000180011c10 f   uwb_hw_cosim_kintex_sfun_registry.obj
 0001:00010cb0       _ssGetInputPortSignalPtrsFcn 0000000180011cb0 f   uwb_hw_cosim_kintex_sfun_registry.obj
 0001:00010f70       _ssGetInputPortSignalFcn   0000000180011f70 f   uwb_hw_cosim_kintex_sfun_registry.obj
 0001:00011190       _ssSetInputPortDirectFeedThroughFcn 0000000180012190 f   uwb_hw_cosim_kintex_sfun_registry.obj
 0001:000112f0       _ssSetInputPortReusableFcn 00000001800122f0 f   uwb_hw_cosim_kintex_sfun_registry.obj
 0001:000113e0       _ssSetOutputPortReusableFcn 00000001800123e0 f   uwb_hw_cosim_kintex_sfun_registry.obj
 0001:000114c0       ssGetDTypeIdFromMxArray    00000001800124c0 f   uwb_hw_cosim_kintex_sfun_registry.obj
 0001:000115e0       ssWriteRTWStr              00000001800125e0 f   uwb_hw_cosim_kintex_sfun_registry.obj
 0001:00011640       ssWriteRTWMxVectParam      0000000180012640 f   uwb_hw_cosim_kintex_sfun_registry.obj
 0001:000116a0       ssWriteRTWMx2dMatParam     00000001800126a0 f   uwb_hw_cosim_kintex_sfun_registry.obj
 0001:00011720       ssWriteRTWNameValuePair    0000000180012720 f   uwb_hw_cosim_kintex_sfun_registry.obj
 0001:00011c10       ssWriteRTWParameters       0000000180012c10 f   uwb_hw_cosim_kintex_sfun_registry.obj
 0001:00012210       ssWriteRTWParamSettings    0000000180013210 f   uwb_hw_cosim_kintex_sfun_registry.obj
 0001:000128e0       ssWriteRTWWorkVect         00000001800138e0 f   uwb_hw_cosim_kintex_sfun_registry.obj
 0001:00012de0       mexFunction                0000000180013de0 f   uwb_hw_cosim_kintex_sfun_registry.obj
 0001:00014aa0       ProcessMexSfunctionEveryCall 0000000180015aa0 f   uwb_hw_cosim_kintex_sfun_registry.obj
 0001:00014c10       uwb_hw_cosim_kintex_initializer 0000000180015c10 f   uwb_hw_cosim_kintex_sfun.obj
 0001:00014c20       uwb_hw_cosim_kintex_terminator 0000000180015c20 f   uwb_hw_cosim_kintex_sfun.obj
 0001:00014c30       sf_uwb_hw_cosim_kintex_method_dispatcher 0000000180015c30 f   uwb_hw_cosim_kintex_sfun.obj
 0001:00014ce0       sf_uwb_hw_cosim_kintex_process_check_sum_call 0000000180015ce0 f   uwb_hw_cosim_kintex_sfun.obj
 0001:00015130       sf_uwb_hw_cosim_kintex_autoinheritance_info 0000000180016130 f   uwb_hw_cosim_kintex_sfun.obj
 0001:00015390       sf_uwb_hw_cosim_kintex_get_eml_resolved_functions_info 0000000180016390 f   uwb_hw_cosim_kintex_sfun.obj
 0001:00015580       uwb_hw_cosim_kintex_debug_initialize 0000000180016580 f   uwb_hw_cosim_kintex_sfun.obj
 0001:000155f0       uwb_hw_cosim_kintex_register_exported_symbols 00000001800165f0 f   uwb_hw_cosim_kintex_sfun.obj
 0001:00015600       load_uwb_hw_cosim_kintex_optimization_info 0000000180016600 f   uwb_hw_cosim_kintex_sfun.obj
 0001:00015650       unload_uwb_hw_cosim_kintex_optimization_info 0000000180016650 f   uwb_hw_cosim_kintex_sfun.obj
 0001:00015770       sf_mex_mx_is_numeric       0000000180016770 f   sfc_mex:sfc_mex.obj
 0001:000157b0       strcmp_ignore_ws           00000001800167b0 f   sfc_mex:sfc_mex.obj
 0001:000158f0       sf_mex_duplicatearraysafe  00000001800168f0 f   sfc_mex:sfc_mex.obj
 0001:00015a50       sf_set_error_debugger_context_message_fcn 0000000180016a50 f   sfc_mex:sfc_mex.obj
 0001:00015a60       sf_set_debugger_matlab_error_fcn 0000000180016a60 f   sfc_mex:sfc_mex.obj
 0001:00015a90       sf_set_error_prefix_string 0000000180016a90 f   sfc_mex:sfc_mex.obj
 0001:00015ac0       sf_get_error_prefix_string 0000000180016ac0 f   sfc_mex:sfc_mex.obj
 0001:00015ad0       sf_mex_enter_parallel_region 0000000180016ad0 f   sfc_mex:sfc_mex.obj
 0001:00015ae0       sf_mex_exit_parallel_region 0000000180016ae0 f   sfc_mex:sfc_mex.obj
 0001:00015af0       sf_get_current_jmp_buf_ptr 0000000180016af0 f   sfc_mex:sfc_mex.obj
 0001:00015b00       sf_set_current_jmp_buf_ptr 0000000180016b00 f   sfc_mex:sfc_mex.obj
 0001:00015b10       sf_mex_set_halt_simulation 0000000180016b10 f   sfc_mex:sfc_mex.obj
 0001:00015b20       sf_mex_get_halt_simulation 0000000180016b20 f   sfc_mex:sfc_mex.obj
 0001:00015b30       sf_mex_clear_error_message 0000000180016b30 f   sfc_mex:sfc_mex.obj
 0001:00015b50       sf_mex_get_error_message_for_read 0000000180016b50 f   sfc_mex:sfc_mex.obj
 0001:00015b60       sf_mex_get_error_message_buffer_length 0000000180016b60 f   sfc_mex:sfc_mex.obj
 0001:00015c40       sf_mex_warning_message     0000000180016c40 f   sfc_mex:sfc_mex.obj
 0001:00015cb0       sf_mex_v_errbuf_createf    0000000180016cb0 f   sfc_mex:sfc_mex.obj
 0001:00015cc0       sf_mex_errbuf_createf      0000000180016cc0 f   sfc_mex:sfc_mex.obj
 0001:00015cf0       sf_mex_v_errbuf_catf       0000000180016cf0 f   sfc_mex:sfc_mex.obj
 0001:00015d30       sf_mex_errbuf_catf         0000000180016d30 f   sfc_mex:sfc_mex.obj
 0001:00015d80       sf_mex_errbuf_copy         0000000180016d80 f   sfc_mex:sfc_mex.obj
 0001:00015d90       sf_mex_errbuf_clear        0000000180016d90 f   sfc_mex:sfc_mex.obj
 0001:00015da0       sf_mex_errbuf_isempty      0000000180016da0 f   sfc_mex:sfc_mex.obj
 0001:00015eb0       sf_mex_set_error_status    0000000180016eb0 f   sfc_mex:sfc_mex.obj
 0001:00015f00       sf_mex_error_direct_call   0000000180016f00 f   sfc_mex:sfc_mex.obj
 0001:00015f20       sf_mex_error_message_no_long_jump 0000000180016f20 f   sfc_mex:sfc_mex.obj
 0001:00015f40       sf_mex_long_jump_on_error  0000000180016f40 f   sfc_mex:sfc_mex.obj
 0001:00015f70       sf_mex_call_matlab         0000000180016f70 f   sfc_mex:sfc_mex.obj
 0001:00016090       sf_mex_check_builtin       0000000180017090 f   sfc_mex:sfc_mex.obj
 0001:00016130       sf_mex_check_builtin_vs    0000000180017130 f   sfc_mex:sfc_mex.obj
 0001:000161f0       sf_mex_check_enum          00000001800171f0 f   sfc_mex:sfc_mex.obj
 0001:00016270       sf_mex_create_enum         0000000180017270 f   sfc_mex:sfc_mex.obj
 0001:000162e0       sf_mex_get_enum_element    00000001800172e0 f   sfc_mex:sfc_mex.obj
 0001:000162f0       sf_mex_createcellarray     00000001800172f0 f   sfc_mex:sfc_mex.obj
 0001:00016300       sf_mex_setcell             0000000180017300 f   sfc_mex:sfc_mex.obj
 0001:00016310       sf_mex_getcell             0000000180017310 f   sfc_mex:sfc_mex.obj
 0001:00016320       sf_mex_dup                 0000000180017320 f   sfc_mex:sfc_mex.obj
 0001:00016340       sf_mex_assign              0000000180017340 f   sfc_mex:sfc_mex.obj
 0001:000163c0       sf_mex_destroy             00000001800173c0 f   sfc_mex:sfc_mex.obj
 0001:000163f0       mx_array_has_fi_type       00000001800173f0 f   sfc_mex:sfc_mex.obj
 0001:00016420       sf_mex_convert_from_fi     0000000180017420 f   sfc_mex:sfc_mex.obj
 0001:00016550       sf_mex_convert_to_double   0000000180017550 f   sfc_mex:sfc_mex.obj
 0001:00016670       sf_mex_import_fi_vs        0000000180017670 f   sfc_mex:sfc_mex.obj
 0001:00016830       sf_matrix_matrix_index_ok  0000000180017830 f   sfc_mex:sfc_mex.obj
 0001:000168c0       sf_vector_vector_index_ok  00000001800178c0 f   sfc_mex:sfc_mex.obj
 0001:000168f0       ssGetCurrentInputPortDimensions_wrapper 00000001800178f0 f   sfc_mex:sfc_mex.obj
 0001:00016910       ssGetCurrentOutputPortDimensions_wrapper 0000000180017910 f   sfc_mex:sfc_mex.obj
 0001:00016930       sf_mex_emlrt_context_is_debug_mode 0000000180017930 f   sfc_mex:sfc_mex.obj
 0001:00016940       sf_mex_emlrt_context_set_debug_mode 0000000180017940 f   sfc_mex:sfc_mex.obj
 0001:00016950       sf_mex_emlrtNameCapturePostProcessR2012a 0000000180017950 f   sfc_mex:sfc_mex.obj
 0001:000169c0       sf_clear_error_manager_info 00000001800179c0 f   sfc_mex:sfc_mex.obj
 0001:00016a20       sf_mex_stop_simulation_abruptly_wo_error 0000000180017a20 f   sfc_mex:sfc_mex.obj
 0001:00016a60       sf_mex_error_message       0000000180017a60 f   sfc_mex:sfc_mex.obj
 0001:00016ac0       sf_react_to_error_in_matlab_call 0000000180017ac0 f   sfc_mex:sfc_mex.obj
 0001:00016af0       sf_mex_addfield            0000000180017af0 f   sfc_mex:sfc_mex.obj
 0001:00016b90       sf_mex_getfield            0000000180017b90 f   sfc_mex:sfc_mex.obj
 0001:00016e90       sf_mex_check_class         0000000180017e90 f   sfc_mex:sfc_mex.obj
 0001:00016f30       sf_mex_is_real             0000000180017f30 f   sfc_mex:sfc_mex.obj
 0001:000173a0       sf_mex_decode_encoded_mx_struct_array 00000001800183a0 f   sfc_mex:sfc_mex.obj
 0001:00017680       sf_mex_lw_bounds_check     0000000180018680 f   sfc_mex:sfc_mex.obj
 0001:000176b0       sf_mex_lw_size_eq_check_1d 00000001800186b0 f   sfc_mex:sfc_mex.obj
 0001:000176d0       sf_mex_lw_size_eq_check_nd 00000001800186d0 f   sfc_mex:sfc_mex.obj
 0001:000178b0       sf_mex_lw_dim_size_eq_check 00000001800188b0 f   sfc_mex:sfc_mex.obj
 0001:000178e0       sf_mex_lw_dim_size_geq_check 00000001800188e0 f   sfc_mex:sfc_mex.obj
 0001:00017910       sf_mex_lw_sub_assign_size_check_nd 0000000180018910 f   sfc_mex:sfc_mex.obj
 0001:00017b40       sf_mex_lw_runtime_error_msgid 0000000180018b40 f   sfc_mex:sfc_mex.obj
 0001:00017c30       sf_mex_lw_matrix_matrix_index_check 0000000180018c30 f   sfc_mex:sfc_mex.obj
 0001:00017c50       sf_mex_lw_vector_vector_index_check 0000000180018c50 f   sfc_mex:sfc_mex.obj
 0001:00017c90       sf_mex_lw_for_loop_vector_check 0000000180018c90 f   sfc_mex:sfc_mex.obj
 0001:00017d20       sf_mex_lw_non_negative_check 0000000180018d20 f   sfc_mex:sfc_mex.obj
 0001:00017d60       sf_mex_overflow_error      0000000180018d60 f   sfc_mex:sfc_mex.obj
 0001:00017d70       sf_mex_dividebyzero_error  0000000180018d70 f   sfc_mex:sfc_mex.obj
 0001:00017d80       sf_mex_unsafe_enum_error   0000000180018d80 f   sfc_mex:sfc_mex.obj
 0001:00017d90       sf_emlrtErrHandler         0000000180018d90 f   sfc_mex:sfc_mex.obj
 0001:00017e70       sf_mex_size_one_check      0000000180018e70 f   sfc_mex:sfc_mex.obj
 0001:00017e90       sf_mex_printf              0000000180018e90 f   sfc_mex:sfc_mex.obj
 0001:00018060       sf_mex_check_size          0000000180019060 f   sfc_mex:sfc_mex.obj
 0001:00018330       sf_mex_check_struct        0000000180019330 f   sfc_mex:sfc_mex.obj
 0001:00018590       sf_mex_check_struct_vs     0000000180019590 f   sfc_mex:sfc_mex.obj
 0001:00018620       sf_mex_check_fi            0000000180019620 f   sfc_mex:sfc_mex.obj
 0001:00018720       sf_mex_check_fi_vs         0000000180019720 f   sfc_mex:sfc_mex.obj
 0001:000187c0       sf_echo_expression         00000001800197c0 f   sfc_mex:sfc_mex.obj
 0001:00018820       sf_assertion_failed        0000000180019820 f   sfc_mex:sfc_mex.obj
 0001:00018b00       sf_mex_evalin              0000000180019b00 f   sfc_mex:sfc_mex.obj
 0001:00018d70       sf_mex_export              0000000180019d70 f   sfc_mex:sfc_mex.obj
 0001:00018e30       sf_mex_get_ml_var_no_error 0000000180019e30 f   sfc_mex:sfc_mex.obj
 0001:00018fd0       sf_mex_get_ml_var          0000000180019fd0 f   sfc_mex:sfc_mex.obj
 0001:00019470       ml_set_element_value_in_array 000000018001a470 f   sfc_mex:sfc_mex.obj
 0001:0001ab40       sf_mex_call_impl           000000018001bb40 f   sfc_mex:sfc_mex.obj
 0001:0001b070       sf_mex_call_debug          000000018001c070 f   sfc_mex:sfc_mex.obj
 0001:0001b0a0       sf_mex_call                000000018001c0a0 f   sfc_mex:sfc_mex.obj
 0001:0001b6f0       sf_mex_createstruct        000000018001c6f0 f   sfc_mex:sfc_mex.obj
 0001:0001b7e0       sf_mex_createstructarray   000000018001c7e0 f   sfc_mex:sfc_mex.obj
 0001:0001b860       sf_mex_get_mx_datatype_from_sf_datatype 000000018001c860 f   sfc_mex:sfc_mex.obj
 0001:0001bb70       sf_mex_ml_var_sub          000000018001cb70 f   sfc_mex:sfc_mex.obj
 0001:0001bd40       sf_mex_ml_var_subsasgn     000000018001cd40 f   sfc_mex:sfc_mex.obj
 0001:0001c130       sf_mex_sub                 000000018001d130 f   sfc_mex:sfc_mex.obj
 0001:0001c330       sf_mex_subsasgn            000000018001d330 f   sfc_mex:sfc_mex.obj
 0001:0001c810       sf_mex_create              000000018001d810 f   sfc_mex:sfc_mex.obj
 0001:0001d260       sf_mex_import_named        000000018001e260 f   sfc_mex:sfc_mex.obj
 0001:0001d2c0       sf_mex_import              000000018001e2c0 f   sfc_mex:sfc_mex.obj
 0001:0001d310       sf_mex_import_vs           000000018001e310 f   sfc_mex:sfc_mex.obj
 0001:0001d420       sf_mex_lower_fixpt_mx_array 000000018001e420 f   sfc_mex:sfc_mex.obj
 0001:0001d710       sf_send_message_wrapper    000000018001e710 f   sfc_mex:sfc_sf.obj
 0001:0001d740       sf_receive_message_wrapper 000000018001e740 f   sfc_mex:sfc_sf.obj
 0001:0001d780       sf_check_out_message_wrapper 000000018001e780 f   sfc_mex:sfc_sf.obj
 0001:0001d7c0       sf_check_in_message_wrapper 000000018001e7c0 f   sfc_mex:sfc_sf.obj
 0001:0001d800       sf_no_message_wrapper      000000018001e800 f   sfc_mex:sfc_sf.obj
 0001:0001db90       sim_mode_is_rtw_gen        000000018001eb90 f   sfc_mex:sfc_sf.obj
 0001:0001dbc0       sim_mode_is_external       000000018001ebc0 f   sfc_mex:sfc_sf.obj
 0001:0001dbd0       sim_mode_is_modelref_sim   000000018001ebd0 f   sfc_mex:sfc_sf.obj
 0001:0001dbf0       mdlInitializeSizes         000000018001ebf0 f   sfc_mex:sfc_sf.obj
 0001:0001dc10       mdlInitializeSampleTimes   000000018001ec10 f   sfc_mex:sfc_sf.obj
 0001:0001dc50       mdlZeroCrossings           000000018001ec50 f   sfc_mex:sfc_sf.obj
 0001:0001dd30       mdlDerivatives             000000018001ed30 f   sfc_mex:sfc_sf.obj
 0001:0001dde0       mdl_initialize_conditions_processing 000000018001ede0 f   sfc_mex:sfc_sf.obj
 0001:0001de10       mdlInitializeConditions    000000018001ee10 f   sfc_mex:sfc_sf.obj
 0001:0001ded0       mdlGetSimState             000000018001eed0 f   sfc_mex:sfc_sf.obj
 0001:0001dee0       mdlSetSimState             000000018001eee0 f   sfc_mex:sfc_sf.obj
 0001:0001def0       mdl_ext_mode_exec_processing 000000018001eef0 f   sfc_mex:sfc_sf.obj
 0001:0001df10       mdlExtModeExec             000000018001ef10 f   sfc_mex:sfc_sf.obj
 0001:0001e0a0       mdlTerminate               000000018001f0a0 f   sfc_mex:sfc_sf.obj
 0001:0001e110       mdlRTW                     000000018001f110 f   sfc_mex:sfc_sf.obj
 0001:0001e140       mdlSetWorkWidths           000000018001f140 f   sfc_mex:sfc_sf.obj
 0001:0001e150       mdlProcessParameters       000000018001f150 f   sfc_mex:sfc_sf.obj
 0001:0001e160       mdl_start_processing       000000018001f160 f   sfc_mex:sfc_sf.obj
 0001:0001e1c0       mdlStart                   000000018001f1c0 f   sfc_mex:sfc_sf.obj
 0001:0001e2d0       mdlEnable                  000000018001f2d0 f   sfc_mex:sfc_sf.obj
 0001:0001e3a0       mdlDisable                 000000018001f3a0 f   sfc_mex:sfc_sf.obj
 0001:0001e450       sf_get_chart_instance_ptr  000000018001f450 f   sfc_mex:sfc_sf.obj
 0001:0001e470       sf_load_rtw_optimization_info 000000018001f470 f   sfc_mex:sfc_sf.obj
 0001:0001e540       sf_rtw_info_uint_prop      000000018001f540 f   sfc_mex:sfc_sf.obj
 0001:0001e680       sf_is_chart_inlinable      000000018001f680 f   sfc_mex:sfc_sf.obj
 0001:0001e6a0       sf_mark_output_events_with_multiple_callers 000000018001f6a0 f   sfc_mex:sfc_sf.obj
 0001:0001e830       sf_mark_chart_reusable_outputs 000000018001f830 f   sfc_mex:sfc_sf.obj
 0001:0001ea90       sf_mark_chart_expressionable_inputs 000000018001fa90 f   sfc_mex:sfc_sf.obj
 0001:0001ecf0       sf_get_subchart_simstruct  000000018001fcf0 f   sfc_mex:sfc_sf.obj
 0001:0001ed40       sf_get_fixpt_data_type_id  000000018001fd40 f   sfc_mex:sfc_sf.obj
 0001:0001ed80       sf_get_enum_data_type_id   000000018001fd80 f   sfc_mex:sfc_sf.obj
 0001:0001edc0       sf_get_param_data_type_id  000000018001fdc0 f   sfc_mex:sfc_sf.obj
 0001:0001edf0       sf_mex_listen_for_ctrl_c_force 000000018001fdf0 f   sfc_mex:sfc_sf.obj
 0001:0001ef00       sf_mex_draw_now            000000018001ff00 f   sfc_mex:sfc_sf.obj
 0001:0001ef40       sf_mex_set_debugger_sim_status_listener_fcn 000000018001ff40 f   sfc_mex:sfc_sf.obj
 0001:0001ef50       sf_mex_listen_for_ctrl_c   000000018001ff50 f   sfc_mex:sfc_sf.obj
 0001:0001efe0       sf_mex_get_sfun_param      000000018001ffe0 f   sfc_mex:sfc_sf.obj
 0001:0001f030       sf_get_runtime_param_data  0000000180020030 f   sfc_mex:sfc_sf.obj
 0001:0001f070       sf_call_output_fcn_call    0000000180020070 f   sfc_mex:sfc_sf.obj
 0001:0001f1b0       sf_call_output_fcn_enable  00000001800201b0 f   sfc_mex:sfc_sf.obj
 0001:0001f240       sf_call_output_fcn_disable 0000000180020240 f   sfc_mex:sfc_sf.obj
 0001:0001f2d0       sf_clear_rtw_identifier    00000001800202d0 f   sfc_mex:sfc_sf.obj
 0001:0001fac0       sf_set_encoded_dwork_info  0000000180020ac0 f   sfc_mex:sfc_sf.obj
 0001:0001fb10       sf_get_dwork_info_from_mat_file 0000000180020b10 f   sfc_mex:sfc_sf.obj
 0001:0001fcd0       sf_set_rtw_dwork_info      0000000180020cd0 f   sfc_mex:sfc_sf.obj
 0001:0001fe40       mdlOutputs                 0000000180020e40 f   sfc_mex:sfc_sf.obj
 0001:0001ffe0       sf_debug_disp              0000000180020fe0 f   sfc_debug:sfcdebug.obj
 0001:00020240       sf_debug_data_runtime_size_mismatch_error_check 0000000180021240 f   sfc_debug:sfcdebug.obj
 0001:000202e0       sf_debug_try_loading_machine 00000001800212e0 f   sfc_debug:sfcdebug.obj
 0001:000203e0       sf_debug_reset_current_state_configuration 00000001800213e0 f   sfc_debug:sfcdebug.obj
 0001:00020470       sf_debug_store_current_state_configuration 0000000180021470 f   sfc_debug:sfcdebug.obj
 0001:00020500       sf_debug_restore_previous_state_configuration 0000000180021500 f   sfc_debug:sfcdebug.obj
 0001:00020590       sf_debug_restore_previous_state_configuration2 0000000180021590 f   sfc_debug:sfcdebug.obj
 0001:00020620       sf_debug_get_event_scope   0000000180021620 f   sfc_debug:sfcdebug.obj
 0001:00020790       use_debugger_step_animation 0000000180021790 f   sfc_debug:sfcdebug.obj
 0001:000207b0       sf_debug_get_script_id     00000001800217b0 f   sfc_debug:sfcdebug.obj
 0001:00020840       sf_debug_set_script_translation 0000000180021840 f   sfc_debug:sfcdebug.obj
 0001:000209c0       sf_debug_extract_message_post_receive_info 00000001800219c0 f   sfc_debug:sfcdebug.obj
 0001:00020ac0       sf_debug_get_current_machine_id 0000000180021ac0 f   sfc_debug:sfcdebug.obj
 0001:00020ae0       sf_debug_get_current_optional_integer 0000000180021ae0 f   sfc_debug:sfcdebug.obj
 0001:00020af0       sf_debug_get_current_machine_number 0000000180021af0 f   sfc_debug:sfcdebug.obj
 0001:00020b10       sf_debug_get_current_machine_name 0000000180021b10 f   sfc_debug:sfcdebug.obj
 0001:00020b30       sf_debug_get_current_chart_id 0000000180021b30 f   sfc_debug:sfcdebug.obj
 0001:00020b80       sf_debug_get_current_chart_number 0000000180021b80 f   sfc_debug:sfcdebug.obj
 0001:00020b90       sf_debug_get_current_instance_number 0000000180021b90 f   sfc_debug:sfcdebug.obj
 0001:00020ba0       sf_debug_get_current_is_minor_time_step 0000000180021ba0 f   sfc_debug:sfcdebug.obj
 0001:00020c20       sf_debug_get_current_object_type 0000000180021c20 f   sfc_debug:sfcdebug.obj
 0001:00020c30       sf_debug_get_current_instance_handle 0000000180021c30 f   sfc_debug:sfcdebug.obj
 0001:00020c90       sf_debug_get_current_event_type 0000000180021c90 f   sfc_debug:sfcdebug.obj
 0001:00020ca0       sf_debug_get_current_object_id 0000000180021ca0 f   sfc_debug:sfcdebug.obj
 0001:00020ce0       sf_debug_get_current_active_event_type 0000000180021ce0 f   sfc_debug:sfcdebug.obj
 0001:00020cf0       sf_debug_get_current_active_event_id 0000000180021cf0 f   sfc_debug:sfcdebug.obj
 0001:00020d30       sf_debug_get_current_tag_type 0000000180021d30 f   sfc_debug:sfcdebug.obj
 0001:00020d40       sf_debug_get_current_simulation_time 0000000180021d40 f   sfc_debug:sfcdebug.obj
 0001:00020d50       sf_debug_get_current_coverage_percentage 0000000180021d50 f   sfc_debug:sfcdebug.obj
 0001:00020d60       sf_debug_current_statement_context 0000000180021d60 f   sfc_debug:sfcdebug.obj
 0001:00020df0       sf_debug_get_current_statement_info 0000000180021df0 f   sfc_debug:sfcdebug.obj
 0001:00020f70       sf_debug_terminate_instance 0000000180021f70 f   sfc_debug:sfcdebug.obj
 0001:000212b0       sf_debug_assertion_failed  00000001800222b0 f   sfc_debug:sfcdebug.obj
 0001:00021510       sf_debug_set_number_of_data_with_change_event_for_machine 0000000180022510 f   sfc_debug:sfcdebug.obj
 0001:00021550       sf_debug_set_machine_event_thresholds 0000000180022550 f   sfc_debug:sfcdebug.obj
 0001:00021570       sf_debug_set_machine_event_scope 0000000180022570 f   sfc_debug:sfcdebug.obj
 0001:000215b0       sf_debug_set_machine_data_thresholds 00000001800225b0 f   sfc_debug:sfcdebug.obj
 0001:000215f0       sf_debug_set_machine_data_scope 00000001800225f0 f   sfc_debug:sfcdebug.obj
 0001:00021680       sf_debug_set_machine_data_name 0000000180022680 f   sfc_debug:sfcdebug.obj
 0001:00021720       sf_debug_set_machine_data_size 0000000180022720 f   sfc_debug:sfcdebug.obj
 0001:00021860       sf_debug_set_machine_data_type 0000000180022860 f   sfc_debug:sfcdebug.obj
 0001:000219d0       sf_debug_get_chart_data_number 00000001800229d0 f   sfc_debug:sfcdebug.obj
 0001:000219f0       sf_debug_get_chart_event_number 00000001800229f0 f   sfc_debug:sfcdebug.obj
 0001:00021a10       sf_debug_set_chart_state_info 0000000180022a10 f   sfc_debug:sfcdebug.obj
 0001:00021a90       sf_debug_set_chart_decomposition 0000000180022a90 f   sfc_debug:sfcdebug.obj
 0001:00021b00       sf_debug_set_chart_substate_count 0000000180022b00 f   sfc_debug:sfcdebug.obj
 0001:00021be0       sf_debug_set_chart_substate_index 0000000180022be0 f   sfc_debug:sfcdebug.obj
 0001:00021c50       sf_debug_set_chart_state_substate_count 0000000180022c50 f   sfc_debug:sfcdebug.obj
 0001:00021d60       sf_debug_set_chart_state_substate_index 0000000180022d60 f   sfc_debug:sfcdebug.obj
 0001:00021de0       sf_debug_set_number_of_data_with_change_event_for_chart 0000000180022de0 f   sfc_debug:sfcdebug.obj
 0001:00021e60       sf_debug_set_number_of_states_with_entry_event_for_chart 0000000180022e60 f   sfc_debug:sfcdebug.obj
 0001:00021ed0       sf_debug_set_number_of_states_with_exit_event_for_chart 0000000180022ed0 f   sfc_debug:sfcdebug.obj
 0001:00021f40       sf_debug_set_chart_disable_implicit_casting 0000000180022f40 f   sfc_debug:sfcdebug.obj
 0001:00021fb0       sf_debug_set_chart_event_thresholds 0000000180022fb0 f   sfc_debug:sfcdebug.obj
 0001:00022020       sf_debug_set_chart_data_compiled_props 0000000180023020 f   sfc_debug:sfcdebug.obj
 0001:00022370       sf_debug_set_chart_data_props 0000000180023370 f   sfc_debug:sfcdebug.obj
 0001:00022690       sf_debug_check_fi_license  0000000180023690 f   sfc_debug:sfcdebug.obj
 0001:00022880       sf_debug_symbol_scope_push 0000000180023880 f   sfc_debug:sfcdebug.obj
 0001:000228c0       sf_debug_symbol_scope_push_eml 00000001800238c0 f   sfc_debug:sfcdebug.obj
 0001:00022910       sf_debug_symbol_scope_pop  0000000180023910 f   sfc_debug:sfcdebug.obj
 0001:00022950       sf_debug_symbol_scope_add_importable 0000000180023950 f   sfc_debug:sfcdebug.obj
 0001:000229d0       sf_debug_symbol_scope_add  00000001800239d0 f   sfc_debug:sfcdebug.obj
 0001:00022a50       sf_debug_symbol_scope_add_dyn_importable 0000000180023a50 f   sfc_debug:sfcdebug.obj
 0001:00022b10       sf_debug_symbol_scope_add_dyn 0000000180023b10 f   sfc_debug:sfcdebug.obj
 0001:00022b40       sf_debug_symbol_scope_add_eml_importable 0000000180023b40 f   sfc_debug:sfcdebug.obj
 0001:00022b80       sf_debug_symbol_scope_add_eml 0000000180023b80 f   sfc_debug:sfcdebug.obj
 0001:00022bc0       sf_debug_symbol_scope_add_eml_dyn_importable 0000000180023bc0 f   sfc_debug:sfcdebug.obj
 0001:00022c30       sf_debug_symbol_scope_add_eml_dyn 0000000180023c30 f   sfc_debug:sfcdebug.obj
 0001:00022c90       sf_debug_symbol_switch     0000000180023c90 f   sfc_debug:sfcdebug.obj
 0001:00022cb0       sf_debug_symbol_scope_add_verbose 0000000180023cb0 f   sfc_debug:sfcdebug.obj
 0001:00022d80       sf_debug_set_machine_data_value_ptr 0000000180023d80 f   sfc_debug:sfcdebug.obj
 0001:00022dc0       sf_debug_set_instance_data_value_ptr 0000000180023dc0 f   sfc_debug:sfcdebug.obj
 0001:00022e80       sf_debug_unset_instance_data_value_ptr 0000000180023e80 f   sfc_debug:sfcdebug.obj
 0001:00022f30       sf_debug_set_chart_event_scope 0000000180023f30 f   sfc_debug:sfcdebug.obj
 0001:00022fb0       sf_debug_set_chart_transition_coverage_maps 0000000180023fb0 f   sfc_debug:sfcdebug.obj
 0001:000230c0       sf_debug_set_chart_state_coverage_maps 00000001800240c0 f   sfc_debug:sfcdebug.obj
 0001:000231a0       sf_debug_set_instance_transition_coverage_weights 00000001800241a0 f   sfc_debug:sfcdebug.obj
 0001:00023240       sf_debug_set_instance_state_coverage_weights 0000000180024240 f   sfc_debug:sfcdebug.obj
 0001:00023490       sf_debug_unload_machine    0000000180024490 f   sfc_debug:sfcdebug.obj
 0001:000234e0       sf_debug_load_machine      00000001800244e0 f   sfc_debug:sfcdebug.obj
 0001:000235e0       sf_debug_set_active_instance_in_data_dictionary 00000001800245e0 f   sfc_debug:sfcdebug.obj
 0001:000237c0       sf_debug_set_active_instance 00000001800247c0 f   sfc_debug:sfcdebug.obj
 0001:00023920       sf_debug_chart_visiblity_change 0000000180024920 f   sfc_debug:sfcdebug.obj
 0001:00023a20       sf_debug_select_chart      0000000180024a20 f   sfc_debug:sfcdebug.obj
 0001:00023b90       sf_debug_set_instance_cv_ids 0000000180024b90 f   sfc_debug:sfcdebug.obj
 0001:00023ea0       sf_debug_select_charts     0000000180024ea0 f   sfc_debug:sfcdebug.obj
 0001:00024030       sf_debug_initialized       0000000180025030 f   sfc_debug:sfcdebug.obj
 0001:00024040       sf_debug_is_uninterruptible 0000000180025040 f   sfc_debug:sfcdebug.obj
 0001:00024070       sf_debug_initialize_debugger_gui 0000000180025070 f   sfc_debug:sfcdebug.obj
 0001:00024460       sf_debug_resume            0000000180025460 f   sfc_debug:sfcdebug.obj
 0001:00024480       sf_debug_go                0000000180025480 f   sfc_debug:sfcdebug.obj
 0001:00024490       sf_debug_break             0000000180025490 f   sfc_debug:sfcdebug.obj
 0001:000244a0       sf_debug_step_over         00000001800254a0 f   sfc_debug:sfcdebug.obj
 0001:000244b0       sf_debug_step_out          00000001800254b0 f   sfc_debug:sfcdebug.obj
 0001:000244c0       sf_debug_set_disable_all_breakpoints 00000001800254c0 f   sfc_debug:sfcdebug.obj
 0001:000244d0       sf_debug_disable_all_breakpoints_and_go 00000001800254d0 f   sfc_debug:sfcdebug.obj
 0001:000244e0       sf_debug_break_on_chart_entry 00000001800254e0 f   sfc_debug:sfcdebug.obj
 0001:000244f0       sf_debug_break_on_event_broadcast 00000001800254f0 f   sfc_debug:sfcdebug.obj
 0001:00024500       sf_debug_break_on_state_entry 0000000180025500 f   sfc_debug:sfcdebug.obj
 0001:00024510       sf_debug_break_between_times 0000000180025510 f   sfc_debug:sfcdebug.obj
 0001:00024530       sf_debug_browse_data       0000000180025530 f   sfc_debug:sfcdebug.obj
 0001:00024550       sf_debug_watch_data        0000000180025550 f   sfc_debug:sfcdebug.obj
 0001:00024570       sf_debug_assign_data       0000000180025570 f   sfc_debug:sfcdebug.obj
 0001:00024590       sf_debug_whos              0000000180025590 f   sfc_debug:sfcdebug.obj
 0001:000245b0       sf_debug_get_consistency_info 00000001800255b0 f   sfc_debug:sfcdebug.obj
 0001:000245c0       sf_debug_browse_trace      00000001800255c0 f   sfc_debug:sfcdebug.obj
 0001:000245d0       sf_debug_set_breakpoints   00000001800255d0 f   sfc_debug:sfcdebug.obj
 0001:00024730       sf_debug_set_eml_breakpoints 0000000180025730 f   sfc_debug:sfcdebug.obj
 0001:00024890       sf_debug_set_script_breakpoints 0000000180025890 f   sfc_debug:sfcdebug.obj
 0001:00024910       sf_debug_add_script_breakpoints 0000000180025910 f   sfc_debug:sfcdebug.obj
 0001:00024980       sf_debug_clear_script_breakpoints 0000000180025980 f   sfc_debug:sfcdebug.obj
 0001:000249f0       sf_debug_query_script_breakpoints 00000001800259f0 f   sfc_debug:sfcdebug.obj
 0001:00024ab0       sf_debug_get_eml_script_id 0000000180025ab0 f   sfc_debug:sfcdebug.obj
 0001:00024b00       sf_debug_set_watch         0000000180025b00 f   sfc_debug:sfcdebug.obj
 0001:00024d30       sf_debug_get_instance_handle 0000000180025d30 f   sfc_debug:sfcdebug.obj
 0001:00024dc0       sf_debug_get_active_states 0000000180025dc0 f   sfc_debug:sfcdebug.obj
 0001:00024dd0       sf_debug_get_animation     0000000180025dd0 f   sfc_debug:sfcdebug.obj
 0001:00024de0       sf_debug_set_animation     0000000180025de0 f   sfc_debug:sfcdebug.obj
 0001:00024df0       sf_debug_animate           0000000180025df0 f   sfc_debug:sfcdebug.obj
 0001:00024e20       sf_debug_cycle_detection_check 0000000180025e20 f   sfc_debug:sfcdebug.obj
 0001:00024e30       sf_debug_data_range_check  0000000180025e30 f   sfc_debug:sfcdebug.obj
 0001:00024e40       sf_debug_transition_conflict_check 0000000180025e40 f   sfc_debug:sfcdebug.obj
 0001:00024e50       sf_debug_state_consistency_check 0000000180025e50 f   sfc_debug:sfcdebug.obj
 0001:00024e60       sf_debug_data_range_check_enabled 0000000180025e60 f   sfc_debug:sfcdebug.obj
 0001:00024e80       sf_debug_transition_conflict_check_enabled 0000000180025e80 f   sfc_debug:sfcdebug.obj
 0001:00024ea0       sf_debug_transition_conflict_check_begin 0000000180025ea0 f   sfc_debug:sfcdebug.obj
 0001:00024ec0       sf_debug_transition_conflict_check_end 0000000180025ec0 f   sfc_debug:sfcdebug.obj
 0001:00024ee0       sf_debug_stop_debugging    0000000180025ee0 f   sfc_debug:sfcdebug.obj
 0001:00024f10       sf_debug_is_cycle_detected 0000000180025f10 f   sfc_debug:sfcdebug.obj
 0001:00024f20       sf_debug_is_array_bounds_detected 0000000180025f20 f   sfc_debug:sfcdebug.obj
 0001:00024f30       sf_debug_get_state_vectors_data_size 0000000180025f30 f   sfc_debug:sfcdebug.obj
 0001:00024f70       sf_debug_get_state_vectors_data 0000000180025f70 f   sfc_debug:sfcdebug.obj
 0001:00025070       sf_debug_set_state_vectors_data 0000000180026070 f   sfc_debug:sfcdebug.obj
 0001:00025330       sf_debug_get_script_index  0000000180026330 f   sfc_debug:sfcdebug.obj
 0001:000254c0       sf_debug_add_script        00000001800264c0 f   sfc_debug:sfcdebug.obj
 0001:00025650       cv_eval_point              0000000180026650 f   sfc_debug:sfcdebug.obj
 0001:000257c0       cv_eval_testobjective      00000001800267c0 f   sfc_debug:sfcdebug.obj
 0001:000258e0       sf_debug_cv_init_state     00000001800268e0 f   sfc_debug:sfcdebug.obj
 0001:00025a00       sf_debug_cv_init_chart     0000000180026a00 f   sfc_debug:sfcdebug.obj
 0001:00025ae0       sf_debug_cv_init_trans     0000000180026ae0 f   sfc_debug:sfcdebug.obj
 0001:00025be0       sf_debug_cv_init_testobjectives 0000000180026be0 f   sfc_debug:sfcdebug.obj
 0001:00025dc0       cv_eml_init_script         0000000180026dc0 f   sfc_debug:sfcdebug.obj
 0001:00025ed0       cv_eml_init_fcn            0000000180026ed0 f   sfc_debug:sfcdebug.obj
 0001:00025f80       cv_eml_init_testobjective  0000000180026f80 f   sfc_debug:sfcdebug.obj
 0001:00026050       cv_eml_init_saturation     0000000180027050 f   sfc_debug:sfcdebug.obj
 0001:00026110       cv_eml_init_if             0000000180027110 f   sfc_debug:sfcdebug.obj
 0001:000261e0       cv_eml_init_for            00000001800271e0 f   sfc_debug:sfcdebug.obj
 0001:000262a0       cv_eml_init_while          00000001800272a0 f   sfc_debug:sfcdebug.obj
 0001:00026360       cv_eml_init_mcdc           0000000180027360 f   sfc_debug:sfcdebug.obj
 0001:00026470       cv_eml_init_switch         0000000180027470 f   sfc_debug:sfcdebug.obj
 0001:00026560       cv_eml_eval                0000000180027560 f   sfc_debug:sfcdebug.obj
 0001:00026640       sf_debug_bm_is_a_eml_breakpoint 0000000180027640 f   sfc_debug:sfcdebug.obj
 0001:00026790       sf_debug_temporal_threshold 0000000180027790 f   sfc_debug:sfcdebug.obj
 0001:00026af0       sf_debug_transition_conflict_error 0000000180027af0 f   sfc_debug:sfcdebug.obj
 0001:00026e70       sf_debug_state_inconsistency_error 0000000180027e70 f   sfc_debug:sfcdebug.obj
 0001:00026f90       sf_debug_check_for_state_inconsistency 0000000180027f90 f   sfc_debug:sfcdebug.obj
 0001:00026fc0       sf_debug_cycle_detecton_error 0000000180027fc0 f   sfc_debug:sfcdebug.obj
 0001:00027790       sf_debug_size_eq_check_1d  0000000180028790 f   sfc_debug:sfcdebug.obj
 0001:000277b0       sf_debug_size_eq_check_nd  00000001800287b0 f   sfc_debug:sfcdebug.obj
 0001:00027990       sf_debug_dim_size_eq_check 0000000180028990 f   sfc_debug:sfcdebug.obj
 0001:000279c0       sf_debug_dim_size_geq_check 00000001800289c0 f   sfc_debug:sfcdebug.obj
 0001:000279f0       sf_debug_sub_assign_size_check_nd 00000001800289f0 f   sfc_debug:sfcdebug.obj
 0001:00027c30       sf_debug_matrix_matrix_index_check 0000000180028c30 f   sfc_debug:sfcdebug.obj
 0001:00027c60       sf_debug_vector_vector_index_check 0000000180028c60 f   sfc_debug:sfcdebug.obj
 0001:00027c90       sf_debug_for_loop_vector_check 0000000180028c90 f   sfc_debug:sfcdebug.obj
 0001:00027d20       sf_debug_runtime_error_msgid 0000000180028d20 f   sfc_debug:sfcdebug.obj
 0001:00027db0       sf_debug_data_array_bounds_error_check 0000000180028db0 f   sfc_debug:sfcdebug.obj
 0001:00027ec0       sf_debug_eml_data_array_bounds_error_check 0000000180028ec0 f   sfc_debug:sfcdebug.obj
 0001:000283a0       sf_debug_integer_check     00000001800293a0 f   sfc_debug:sfcdebug.obj
 0001:00028480       sf_debug_not_nan_check     0000000180029480 f   sfc_debug:sfcdebug.obj
 0001:00028540       sf_debug_non_negative_check 0000000180029540 f   sfc_debug:sfcdebug.obj
 0001:00028600       sf_debug_overflow_detection 0000000180029600 f   sfc_debug:sfcdebug.obj
 0001:00028cf0       sf_debug_cast_to_real32_T  0000000180029cf0 f   sfc_debug:sfcdebug.obj
 0001:00028db0       sf_debug_cast_to_int8_T    0000000180029db0 f   sfc_debug:sfcdebug.obj
 0001:00028e70       sf_debug_cast_to_uint8_T   0000000180029e70 f   sfc_debug:sfcdebug.obj
 0001:00028f30       sf_debug_cast_to_int16_T   0000000180029f30 f   sfc_debug:sfcdebug.obj
 0001:00028ff0       sf_debug_cast_to_uint16_T  0000000180029ff0 f   sfc_debug:sfcdebug.obj
 0001:000290b0       sf_debug_cast_to_int32_T   000000018002a0b0 f   sfc_debug:sfcdebug.obj
 0001:00029170       sf_debug_cast_to_uint32_T  000000018002a170 f   sfc_debug:sfcdebug.obj
 0001:00029230       sf_debug_data_range_error  000000018002a230 f   sfc_debug:sfcdebug.obj
 0001:00029580       sf_debug_read_before_write_check 000000018002a580 f   sfc_debug:sfcdebug.obj
 0001:000299e0       sf_debug_data_range_error_wrapper_min_max 000000018002a9e0 f   sfc_debug:sfcdebug.obj
 0001:00029ad0       sf_debug_data_range_error_wrapper_min 000000018002aad0 f   sfc_debug:sfcdebug.obj
 0001:00029bb0       sf_debug_data_range_error_wrapper_max 000000018002abb0 f   sfc_debug:sfcdebug.obj
 0001:00029c90       sf_debug_data_range_wrapper 000000018002ac90 f   sfc_debug:sfcdebug.obj
 0001:00029d40       sf_debug_set_current_status_info 000000018002ad40 f   sfc_debug:sfcdebug.obj
 0001:0002a0f0       sf_debug_register_message_post_receive_info 000000018002b0f0 f   sfc_debug:sfcdebug.obj
 0001:0002a360       sf_debug_call              000000018002b360 f   sfc_debug:sfcdebug.obj
 0001:0002afc0       sf_debug_initialize_machine 000000018002bfc0 f   sfc_debug:sfcdebug.obj
 0001:0002b2d0       sf_debug_initialize_chart  000000018002c2d0 f   sfc_debug:sfcdebug.obj
 0001:0002b720       sf_debug_ensure_script     000000018002c720 f   sfc_debug:sfcdebug.obj
 0001:0002b7e0       cv_script_init_script      000000018002c7e0 f   sfc_debug:sfcdebug.obj
 0001:0002b8d0       cv_script_init_fcn         000000018002c8d0 f   sfc_debug:sfcdebug.obj
 0001:0002b980       cv_script_init_testobjective 000000018002c980 f   sfc_debug:sfcdebug.obj
 0001:0002ba30       cv_script_init_if          000000018002ca30 f   sfc_debug:sfcdebug.obj
 0001:0002bae0       cv_script_init_for         000000018002cae0 f   sfc_debug:sfcdebug.obj
 0001:0002bb90       cv_script_init_while       000000018002cb90 f   sfc_debug:sfcdebug.obj
 0001:0002bc40       cv_script_init_mcdc        000000018002cc40 f   sfc_debug:sfcdebug.obj
 0001:0002bd40       cv_script_init_switch      000000018002cd40 f   sfc_debug:sfcdebug.obj
 0001:0002be20       cv_script_eval             000000018002ce20 f   sfc_debug:sfcdebug.obj
 0001:0002bf00       eml_debug_line_call        000000018002cf00 f   sfc_debug:sfcdebug.obj
 0001:0002c0b0       sf_debug_terminate         000000018002d0b0 f   sfc_debug:sfcdebug.obj
 0001:0002c220       sf_debug_set_script_cv_ids 000000018002d220 f   sfc_debug:sfcdebug.obj
 0001:0002c350       sf_debug_api               000000018002d350 f   sfc_debug:sfc_api.obj
 0001:0002da00       sf_debug_sm_terminate      000000018002ea00 f   sfc_debug:sfdb_animation.obj
 0001:0002dbc0       sf_debug_reset_path_objects 000000018002ebc0 f   sfc_debug:sfdb_animation.obj
 0001:0002dc40       sf_debug_sm_reset_object_selection_status 000000018002ec40 f   sfc_debug:sfdb_animation.obj
 0001:0002dce0       sf_debug_sm_reset_state_buffer 000000018002ece0 f   sfc_debug:sfdb_animation.obj
 0001:0002ddb0       sf_debug_sm_store_state_buffer 000000018002edb0 f   sfc_debug:sfdb_animation.obj
 0001:0002de30       sf_debug_sm_restore_state_buffer1 000000018002ee30 f   sfc_debug:sfdb_animation.obj
 0001:0002dea0       sf_debug_sm_restore_state_buffer2 000000018002eea0 f   sfc_debug:sfdb_animation.obj
 0001:0002df10       sf_debug_sm_chart_active   000000018002ef10 f   sfc_debug:sfdb_animation.obj
 0001:0002df60       sf_debug_sm_select_active_objects 000000018002ef60 f   sfc_debug:sfdb_animation.obj
 0001:0002e450       sf_debug_sm_is_chart_active 000000018002f450 f   sfc_debug:sfdb_animation.obj
 0001:0002e490       sf_debug_sm_is_state_active 000000018002f490 f   sfc_debug:sfdb_animation.obj
 0001:0002e6d0       sf_debug_sm_get_active_states 000000018002f6d0 f   sfc_debug:sfdb_animation.obj
 0001:0002ec90       sf_debug_sm_initialize_instance 000000018002fc90 f   sfc_debug:sfdb_animation.obj
 0001:0002eeb0       sf_debug_sm_change_object_selection_status 000000018002feb0 f   sfc_debug:sfdb_animation.obj
 0001:0002f1c0       cv_create_interface        00000001800301c0 f   sfc_debug:cv_sfinterface.obj
 0001:0002f520       cv_init_trans              0000000180030520 f   sfc_debug:cv_sfinterface.obj
 0001:0002f570       cv_init_testobjective      0000000180030570 f   sfc_debug:cv_sfinterface.obj
 0001:0002f5b0       cv_init_state              00000001800305b0 f   sfc_debug:cv_sfinterface.obj
 0001:0002f620       cv_init_chart              0000000180030620 f   sfc_debug:cv_sfinterface.obj
 0001:0002f670       cv_dec_update_call         0000000180030670 f   sfc_debug:cv_sfinterface.obj
 0001:0002f6b0       cv_cond_update_call        00000001800306b0 f   sfc_debug:cv_sfinterface.obj
 0001:0002f6f0       cv_testobjective_update_call 00000001800306f0 f   sfc_debug:cv_sfinterface.obj
 0001:0002f730       cv_sigrange_update         0000000180030730 f   sfc_debug:cv_sfinterface.obj
 0001:0002f770       cvsf_eml_eval              0000000180030770 f   sfc_debug:cv_sfinterface.obj
 0001:0002f860       cvsf_eml_init_script       0000000180030860 f   sfc_debug:cv_sfinterface.obj
 0001:0002f8f0       cvsf_eml_init_fcn          00000001800308f0 f   sfc_debug:cv_sfinterface.obj
 0001:0002f950       cvsf_eml_init_testobjective 0000000180030950 f   sfc_debug:cv_sfinterface.obj
 0001:0002f9b0       cvsf_eml_init_saturation   00000001800309b0 f   sfc_debug:cv_sfinterface.obj
 0001:0002fa00       cvsf_eml_init_if           0000000180030a00 f   sfc_debug:cv_sfinterface.obj
 0001:0002fa60       cvsf_eml_init_for          0000000180030a60 f   sfc_debug:cv_sfinterface.obj
 0001:0002fab0       cvsf_eml_init_while        0000000180030ab0 f   sfc_debug:cv_sfinterface.obj
 0001:0002fb00       cvsf_eml_init_mcdc         0000000180030b00 f   sfc_debug:cv_sfinterface.obj
 0001:0002fb90       cvsf_eml_init_switch       0000000180030b90 f   sfc_debug:cv_sfinterface.obj
 0001:0002fc00       cvsf_script_eval           0000000180030c00 f   sfc_debug:cv_sfinterface.obj
 0001:0002fcf0       cvsf_script_init_script    0000000180030cf0 f   sfc_debug:cv_sfinterface.obj
 0001:0002fd80       cvsf_script_init_fcn       0000000180030d80 f   sfc_debug:cv_sfinterface.obj
 0001:0002fde0       cvsf_script_init_testobjective 0000000180030de0 f   sfc_debug:cv_sfinterface.obj
 0001:0002fe40       cvsf_script_init_saturation 0000000180030e40 f   sfc_debug:cv_sfinterface.obj
 0001:0002fe90       cvsf_script_init_if        0000000180030e90 f   sfc_debug:cv_sfinterface.obj
 0001:0002fef0       cvsf_script_init_for       0000000180030ef0 f   sfc_debug:cv_sfinterface.obj
 0001:0002ff40       cvsf_script_init_while     0000000180030f40 f   sfc_debug:cv_sfinterface.obj
 0001:0002ff90       cvsf_script_init_mcdc      0000000180030f90 f   sfc_debug:cv_sfinterface.obj
 0001:00030020       cvsf_script_init_switch    0000000180031020 f   sfc_debug:cv_sfinterface.obj
 0001:00030090       cv_destroy_interface       0000000180031090 f   sfc_debug:cv_sfinterface.obj
 0001:000300b0       cv_create_instance_objects 00000001800310b0 f   sfc_debug:cv_sfinterface.obj
 0001:00030560       cv_is_enabled              0000000180031560 f   sfc_debug:cv_sfinterface.obj
 0001:00030570       sf_debug_cv_initialize_script 0000000180031570 f   sfc_debug:cv_sfinterface.obj
 0001:00030720       sf_debug_cv_initialize_instance 0000000180031720 f   sfc_debug:cv_sfinterface.obj
 0001:00030ac0       sf_debug_cv_terminate_chart 0000000180031ac0 f   sfc_debug:cv_sfinterface.obj
 0001:00030c00       cv_call_trans_test         0000000180031c00 f   sfc_debug:cv_sfinterface.obj
 0001:00030c10       cv_call_sub_cond_test      0000000180031c10 f   sfc_debug:cv_sfinterface.obj
 0001:00030c50       sf_debug_st_initialize_machine 0000000180031c50 f   sfc_debug:sfdb_data_browse.obj
 0001:00030d10       sf_debug_st_initialize_instance 0000000180031d10 f   sfc_debug:sfdb_data_browse.obj
 0001:00030f40       sf_debug_st_terminate      0000000180031f40 f   sfc_debug:sfdb_data_browse.obj
 0001:000312e0       sf_debug_st_set_data_value_ptr_in_machine 00000001800322e0 f   sfc_debug:sfdb_data_browse.obj
 0001:00031370       sf_debug_st_set_data_value_ptr_in_instance 0000000180032370 f   sfc_debug:sfdb_data_browse.obj
 0001:00031450       sf_debug_st_unset_data_value_ptr_in_machine 0000000180032450 f   sfc_debug:sfdb_data_browse.obj
 0001:000314c0       sf_debug_st_unset_data_value_ptr_in_instance 00000001800324c0 f   sfc_debug:sfdb_data_browse.obj
 0001:000317d0       sf_debug_mx_value          00000001800327d0 f   sfc_debug:sfdb_data_browse.obj
 0001:00031830       sf_debug_mx_packed_vector  0000000180032830 f   sfc_debug:sfdb_data_browse.obj
 0001:00031910       sf_debug_mx_uint_vector    0000000180032910 f   sfc_debug:sfdb_data_browse.obj
 0001:000319d0       sf_debug_st_get_double_value_from_void_ptr_vector 00000001800329d0 f   sfc_debug:sfdb_data_browse.obj
 0001:000324c0       sf_debug_st_browse_data    00000001800334c0 f   sfc_debug:sfdb_data_browse.obj
 0001:00032d50       sf_debug_hm_initialize_instance 0000000180033d50 f   sfc_debug:sfdb_handle_management.obj
 0001:00033280       sf_debug_hm_get_object_id  0000000180034280 f   sfc_debug:sfdb_handle_management.obj
 0001:00033e30       sf_debug_hm_update_chart_visibility 0000000180034e30 f   sfc_debug:sfdb_handle_management.obj
 0001:00035110       sf_debug_object_is_eml_function 0000000180036110 f   sfc_debug:sfdb_handle_management.obj
 0001:00035180       sf_debug_hm_initialize_ids_in_machine 0000000180036180 f   sfc_debug:sfdb_handle_management.obj
 0001:000352f0       sf_debug_hm_initialize_ids_in_chart 00000001800362f0 f   sfc_debug:sfdb_handle_management.obj
 0001:000353f0       sf_debug_hm_initialize_chart 00000001800363f0 f   sfc_debug:sfdb_handle_management.obj
 0001:00035b90       sf_debug_hm_terminate      0000000180036b90 f   sfc_debug:sfdb_handle_management.obj
 0001:00035bf0       sf_debug_hm_initialize_machine 0000000180036bf0 f   sfc_debug:sfdb_handle_management.obj
 0001:000363a0       sf_debug_ss_initialize     00000001800373a0 f   sfc_debug:sfdb_symbol_scope.obj
 0001:000363c0       sf_debug_ss_terminate      00000001800373c0 f   sfc_debug:sfdb_symbol_scope.obj
 0001:00036450       sf_debug_ss_push_symbol_scope 0000000180037450 f   sfc_debug:sfdb_symbol_scope.obj
 0001:00036550       sf_debug_ss_push_symbol_scope_eml 0000000180037550 f   sfc_debug:sfdb_symbol_scope.obj
 0001:000365b0       sf_debug_ss_pop_symbol_scope 00000001800375b0 f   sfc_debug:sfdb_symbol_scope.obj
 0001:00036660       sf_debug_ss_add_symbol     0000000180037660 f   sfc_debug:sfdb_symbol_scope.obj
 0001:000367c0       sf_debug_ss_add_symbol_eml 00000001800377c0 f   sfc_debug:sfdb_symbol_scope.obj
 0001:000374e0       sf_debug_ss_set_data_value 00000001800384e0 f   sfc_debug:sfdb_symbol_scope.obj
 0001:000379b0       getInstanceNumber          00000001800389b0 f   sfc_debug:sfdb_symbol_scope.obj
 0001:00037a80       sf_debug_ss_watch_data     0000000180038a80 f   sfc_debug:sfdb_symbol_scope.obj
 0001:00037c20       sf_debug_ss_assign_data    0000000180038c20 f   sfc_debug:sfdb_symbol_scope.obj
 0001:00038640       get_data_entry_name        0000000180039640 f   sfc_debug:sfdb_symbol_scope.obj
 0001:00038690       sf_debug_ss_whos           0000000180039690 f   sfc_debug:sfdb_symbol_scope.obj
 0001:00038db0       sf_debug_cc_initialize_chart 0000000180039db0 f   sfc_debug:sfdb_coverage.obj
 0001:000397a0       sf_debug_cc_initialize_instance 000000018003a7a0 f   sfc_debug:sfdb_coverage.obj
 0001:0003a5b0       sf_debug_cc_terminate      000000018003b5b0 f   sfc_debug:sfdb_coverage.obj
 0001:0003a6a0       sf_debug_cc_set_transition_maps 000000018003b6a0 f   sfc_debug:sfdb_coverage.obj
 0001:0003a7d0       sf_debug_cc_set_state_maps 000000018003b7d0 f   sfc_debug:sfdb_coverage.obj
 0001:0003a8b0       sf_debug_cc_set_transition_weights 000000018003b8b0 f   sfc_debug:sfdb_coverage.obj
 0001:0003ab80       sf_debug_cc_set_state_weights 000000018003bb80 f   sfc_debug:sfdb_coverage.obj
 0001:0003ae50       sf_debug_cc_mark_transition_guard 000000018003be50 f   sfc_debug:sfdb_coverage.obj
 0001:0003aee0       sf_debug_cc_mark_transition_trigger 000000018003bee0 f   sfc_debug:sfdb_coverage.obj
 0001:0003af70       sf_debug_cc_mark_transition_decision 000000018003bf70 f   sfc_debug:sfdb_coverage.obj
 0001:0003afe0       sf_debug_cc_mark_transition_condition_action 000000018003bfe0 f   sfc_debug:sfdb_coverage.obj
 0001:0003b030       sf_debug_cc_mark_transition_transition_action 000000018003c030 f   sfc_debug:sfdb_coverage.obj
 0001:0003b080       sf_debug_cc_mark_state_entry 000000018003c080 f   sfc_debug:sfdb_coverage.obj
 0001:0003b0d0       sf_debug_cc_mark_state_during 000000018003c0d0 f   sfc_debug:sfdb_coverage.obj
 0001:0003b120       sf_debug_cc_mark_state_exit 000000018003c120 f   sfc_debug:sfdb_coverage.obj
 0001:0003b170       sf_debug_bm_clear_script_breakpoints 000000018003c170 f   sfc_debug:sfdb_breakpoints.obj
 0001:0003b1a0       sf_debug_bm_set_script_breakpoint 000000018003c1a0 f   sfc_debug:sfdb_breakpoints.obj
 0001:0003b220       sf_debug_bm_clear_single_script_breakpoint 000000018003c220 f   sfc_debug:sfdb_breakpoints.obj
 0001:0003b2a0       sf_debug_bm_query_script_breakpoint 000000018003c2a0 f   sfc_debug:sfdb_breakpoints.obj
 0001:0003b2f0       sf_debug_bm_initialize_scripts 000000018003c2f0 f   sfc_debug:sfdb_breakpoints.obj
 0001:0003ba10       sf_debug_bm_terminate      000000018003ca10 f   sfc_debug:sfdb_breakpoints.obj
 0001:0003bd00       sf_debug_bm_remove_all_breakpoints_in_machine 000000018003cd00 f   sfc_debug:sfdb_breakpoints.obj
 0001:0003bd70       sf_debug_bm_remove_all_breakpoints_in_chart 000000018003cd70 f   sfc_debug:sfdb_breakpoints.obj
 0001:0003bec0       sf_debug_bm_initialize_global_breakpoints 000000018003cec0 f   sfc_debug:sfdb_breakpoints.obj
 0001:0003c040       sf_debug_bm_set_breakpoint 000000018003d040 f   sfc_debug:sfdb_breakpoints.obj
 0001:0003c640       sf_debug_bm_set_eml_breakpoint 000000018003d640 f   sfc_debug:sfdb_breakpoints.obj
 0001:0003c6e0       sf_debug_bm_initialize_machine_breakpoint_map 000000018003d6e0 f   sfc_debug:sfdb_breakpoints.obj
 0001:0003cb00       sf_debug_bm_is_a_breakpoint 000000018003db00 f   sfc_debug:sfdb_breakpoints.obj
 0001:0003d0e0       sf_debug_bm_get_all_breakpoints_in_machine 000000018003e0e0 f   sfc_debug:sfdb_breakpoints.obj
 0001:0003d3e0       sf_debug_bm_get_all_breakpoints_in_chart 000000018003e3e0 f   sfc_debug:sfdb_breakpoints.obj
 0001:0003e0a0       sf_debug_bm_initialize_machine 000000018003f0a0 f   sfc_debug:sfdb_breakpoints.obj
 0001:0003e170       sf_debug_bm_initialize_chart 000000018003f170 f   sfc_debug:sfdb_breakpoints.obj
 0001:0003e590       sf_debug_sc_terminate      000000018003f590 f   sfc_debug:sfdb_state_consistency.obj
 0001:0003e8c0       sf_debug_sc_is_chart_consistent 000000018003f8c0 f   sfc_debug:sfdb_state_consistency.obj
 0001:0003eb70       sf_debug_sc_get_consistency_error_info 000000018003fb70 f   sfc_debug:sfdb_state_consistency.obj
 0001:0003efc0       sf_debug_tm_terminate      000000018003ffc0 f   sfc_debug:sfdb_call_stack.obj
 0001:0003f080       sf_debug_tm_push_chart_instance 0000000180040080 f   sfc_debug:sfdb_call_stack.obj
 0001:0003f1d0       sf_debug_tm_pop_chart_instance 00000001800401d0 f   sfc_debug:sfdb_call_stack.obj
 0001:0003f230       sf_debug_tm_push_trace_node 0000000180040230 f   sfc_debug:sfdb_call_stack.obj
 0001:0003f3c0       sf_debug_tm_pop_trace_node 00000001800403c0 f   sfc_debug:sfdb_call_stack.obj
 0001:0003f440       sf_debug_tm_get_current_global_trace_index 0000000180040440 f   sfc_debug:sfdb_call_stack.obj
 0001:0003f450       sf_debug_tm_get_current_local_trace_index 0000000180040450 f   sfc_debug:sfdb_call_stack.obj
 0001:0003f480       sf_debug_tm_set_cycle_detected_flag 0000000180040480 f   sfc_debug:sfdb_call_stack.obj
 0001:0003f4c0       sf_debug_tm_set_cycle_started_flag 00000001800404c0 f   sfc_debug:sfdb_call_stack.obj
 0001:0003f500       sf_debug_tm_get_chart_number_from_stack 0000000180040500 f   sfc_debug:sfdb_call_stack.obj
 0001:0003f700       sf_debug_tm_browse_trace   0000000180040700 f   sfc_debug:sfdb_call_stack.obj
 0001:0003fa40       sf_debug_cd_initialize_instance 0000000180040a40 f   sfc_debug:sfdb_cycle_detection.obj
 0001:0003fcf0       sf_debug_cd_mark_processed_transition_in_instance 0000000180040cf0 f   sfc_debug:sfdb_cycle_detection.obj
 0001:0003fd90       sf_debug_cd_checksum_push  0000000180040d90 f   sfc_debug:sfdb_cycle_detection.obj
 0001:00040050       sf_debug_cd_checksum_pop   0000000180041050 f   sfc_debug:sfdb_cycle_detection.obj
 0001:000400c0       sf_debug_cd_turn_off_cycle_detection 00000001800410c0 f   sfc_debug:sfdb_cycle_detection.obj
 0001:00040110       sf_debug_cd_terminate      0000000180041110 f   sfc_debug:sfdb_cycle_detection.obj
 0001:00040350       md5_initialize_state       0000000180041350 f   sfc_debug:ckmd5.obj
 0001:00040dc0       md5_update_state           0000000180041dc0 f   sfc_debug:ckmd5.obj
 0001:00040de0       md5_get_hash               0000000180041de0 f   sfc_debug:ckmd5.obj
 0001:00040e10       md5_get_hash_for_a_single_string 0000000180041e10 f   sfc_debug:ckmd5.obj
 0001:00040e74       mxGetPr                    0000000180041e74 f   libmx:libmx.dll
 0001:00040e7a       mxCreateDoubleScalar       0000000180041e7a f   libmx:libmx.dll
 0001:00040e80       mxCreateDoubleMatrix_730   0000000180041e80 f   libmx:libmx.dll
 0001:00040e86       mxSetField_730             0000000180041e86 f   libmx:libmx.dll
 0001:00040e8c       mxCreateString             0000000180041e8c f   libmx:libmx.dll
 0001:00040e92       mxCreateStructMatrix_730   0000000180041e92 f   libmx:libmx.dll
 0001:00040e98       mxDestroyArray             0000000180041e98 f   libmx:libmx.dll
 0001:00040e9e       mxDuplicateArray           0000000180041e9e f   libmx:libmx.dll
 0001:00040ea4       mxGetString_730            0000000180041ea4 f   libmx:libmx.dll
 0001:00040eaa       mxIsChar                   0000000180041eaa f   libmx:libmx.dll
 0001:00040eb0       mxGetClassID               0000000180041eb0 f   libmx:libmx.dll
 0001:00040eb6       mxIsNumeric                0000000180041eb6 f   libmx:libmx.dll
 0001:00040ebc       mxIsComplex                0000000180041ebc f   libmx:libmx.dll
 0001:00040ec2       mxGetN                     0000000180041ec2 f   libmx:libmx.dll
 0001:00040ec8       mxGetM                     0000000180041ec8 f   libmx:libmx.dll
 0001:00040ece       mxCalloc                   0000000180041ece f   libmx:libmx.dll
 0001:00040ed4       mxGetScalar                0000000180041ed4 f   libmx:libmx.dll
 0001:00040eda       mxIsLogical                0000000180041eda f   libmx:libmx.dll
 0001:00040ee0       mxCreateDoubleMatrix_700   0000000180041ee0 f   libmx:libmx.dll
 0001:00040ee6       mxFree                     0000000180041ee6 f   libmx:libmx.dll
 0001:00040eec       mxArrayToString            0000000180041eec f   libmx:libmx.dll
 0001:00040ef2       mxCreateCellMatrix_700     0000000180041ef2 f   libmx:libmx.dll
 0001:00040ef8       mxSetCell_700              0000000180041ef8 f   libmx:libmx.dll
 0001:00040efe       mxGetCell_700              0000000180041efe f   libmx:libmx.dll
 0001:00040f04       mxGetClassName             0000000180041f04 f   libmx:libmx.dll
 0001:00040f0a       mxSetField_700             0000000180041f0a f   libmx:libmx.dll
 0001:00040f10       mxAddField                 0000000180041f10 f   libmx:libmx.dll
 0001:00040f16       mxGetField_700             0000000180041f16 f   libmx:libmx.dll
 0001:00040f1c       mxGetNumberOfElements      0000000180041f1c f   libmx:libmx.dll
 0001:00040f22       mxIsStruct                 0000000180041f22 f   libmx:libmx.dll
 0001:00040f28       mxIsA                      0000000180041f28 f   libmx:libmx.dll
 0001:00040f2e       mxIsClass                  0000000180041f2e f   libmx:libmx.dll
 0001:00040f34       mxGetLogicals              0000000180041f34 f   libmx:libmx.dll
 0001:00040f3a       mxIsSparse                 0000000180041f3a f   libmx:libmx.dll
 0001:00040f40       mxSetFieldByNumber_700     0000000180041f40 f   libmx:libmx.dll
 0001:00040f46       mxGetFieldByNumber_700     0000000180041f46 f   libmx:libmx.dll
 0001:00040f4c       mxGetFieldNameByNumber     0000000180041f4c f   libmx:libmx.dll
 0001:00040f52       mxGetNumberOfFields        0000000180041f52 f   libmx:libmx.dll
 0001:00040f58       mxCreateStructMatrix_700   0000000180041f58 f   libmx:libmx.dll
 0001:00040f5e       mxGetFieldNumber           0000000180041f5e f   libmx:libmx.dll
 0001:00040f64       mxIsNaN                    0000000180041f64 f   libmx:libmx.dll
 0001:00040f6a       mxIsEmpty                  0000000180041f6a f   libmx:libmx.dll
 0001:00040f70       mxGetData                  0000000180041f70 f   libmx:libmx.dll
 0001:00040f76       mxGetImagData              0000000180041f76 f   libmx:libmx.dll
 0001:00040f7c       mxArrayClassIDName         0000000180041f7c f   libmx:libmx.dll
 0001:00040f82       mxCreateNumericMatrix_700  0000000180041f82 f   libmx:libmx.dll
 0001:00040f88       mxCreateStructArray_700    0000000180041f88 f   libmx:libmx.dll
 0001:00040f8e       mxCalcSingleSubscript_700  0000000180041f8e f   libmx:libmx.dll
 0001:00040f94       mxGetDimensions_700        0000000180041f94 f   libmx:libmx.dll
 0001:00040f9a       mxGetNumberOfDimensions_700 0000000180041f9a f   libmx:libmx.dll
 0001:00040fa0       mxCreateNumericArray_700   0000000180041fa0 f   libmx:libmx.dll
 0001:00040fa6       mxGetElementSize           0000000180041fa6 f   libmx:libmx.dll
 0001:00040fac       mxCreateStringFromNChars_700 0000000180041fac f   libmx:libmx.dll
 0001:00040fb2       mxGetString_700            0000000180041fb2 f   libmx:libmx.dll
 0001:00040fb8       mxIsLogicalScalarTrue      0000000180041fb8 f   libmx:libmx.dll
 0001:00040fbe       mxCreateLogicalScalar      0000000180041fbe f   libmx:libmx.dll
 0001:00040fc4       mexUnlock                  0000000180041fc4 f   libmex:libmex.dll
 0001:00040fca       mexIsLocked                0000000180041fca f   libmex:libmex.dll
 0001:00040fd0       mexWarnMsgTxt              0000000180041fd0 f   libmex:libmex.dll
 0001:00040fd6       mexCallMATLAB              0000000180041fd6 f   libmex:libmex.dll
 0001:00040fdc       mexErrMsgTxt               0000000180041fdc f   libmex:libmex.dll
 0001:00040fe2       mexMakeArrayPersistent     0000000180041fe2 f   libmex:libmex.dll
 0001:00040fe8       mexSetTrapFlag             0000000180041fe8 f   libmex:libmex.dll
 0001:00040fee       mexPutVariable             0000000180041fee f   libmex:libmex.dll
 0001:00040ff4       mexGetVariable             0000000180041ff4 f   libmex:libmex.dll
 0001:00040ffa       mexLock                    0000000180041ffa f   libmex:libmex.dll
 0001:00041000       mexMakeMemoryPersistent    0000000180042000 f   libmex:libmex.dll
 0001:00041006       mexFunctionName            0000000180042006 f   libmex:libmex.dll
 0001:0004100c       ssRegisterDataTypeFxpFSlopeFixExpBias 000000018004200c f   libfixedpoint:libfixedpoint.dll
 0001:00041012       utVSNprintf                0000000180042012 f   libut:libut.dll
 0001:00041018       utCPUtime                  0000000180042018 f   libut:libut.dll
 0001:0004101e       utFree                     000000018004201e f   libut:libut.dll
 0001:00041024       utMalloc                   0000000180042024 f   libut:libut.dll
 0001:0004102a       emlrtCreateRootTLS         000000018004202a f   libemlrt:libemlrt.dll
 0001:00041030       emlrtDestroyRootTLS        0000000180042030 f   libemlrt:libemlrt.dll
 0001:00041036       emlrtCheckBuiltInR2012b    0000000180042036 f   libemlrt:libemlrt.dll
 0001:0004103c       emlrtCheckVsBuiltInR2012b  000000018004203c f   libemlrt:libemlrt.dll
 0001:00041042       emlrtCheckEnumR2012b       0000000180042042 f   libemlrt:libemlrt.dll
 0001:00041048       emlrtCreateEnumR2012b      0000000180042048 f   libemlrt:libemlrt.dll
 0001:0004104e       emlrtGetEnumElementR2009a  000000018004204e f   libemlrt:libemlrt.dll
 0001:00041054       emlrtCreateReference       0000000180042054 f   libemlrt:libemlrt.dll
 0001:0004105a       emlrtImportVsFiArrayR2009b 000000018004205a f   libemlrt:libemlrt.dll
 0001:00041060       emlrtNameCapturePostProcessR2012a 0000000180042060 f   libemlrt:libemlrt.dll
 0001:00041066       emlrtExtractMessageId      0000000180042066 f   libemlrt:libemlrt.dll
 0001:0004106c       emlrtTranslateMessageIDtoLCPstring 000000018004206c f   libemlrt:libemlrt.dll
 0001:00041072       emlrtForLoopVectorIsValidR2011b 0000000180042072 f   libemlrt:libemlrt.dll
 0001:00041078       emlrtTranslateUTF16MessagetoLCPstring 0000000180042078 f   libemlrt:libemlrt.dll
 0001:0004107e       emlrtGetEnumUnderlyingArrayR2009a 000000018004207e f   libemlrt:libemlrt.dll
 0001:00041084       emlrtIsEnumR2009a          0000000180042084 f   libemlrt:libemlrt.dll
 0001:0004108c       __GSHandlerCheckCommon     000000018004208c f   MSVCRT:gshandler.obj
 0001:000410f0       __GSHandlerCheck           00000001800420f0 f   MSVCRT:gshandler.obj
 0001:0004110e       strlen                     000000018004210e f   MSVCRT:MSVCR100.dll
 0001:00041130       __security_check_cookie    0000000180042130 f   MSVCRT:amdsecgs.obj
 0001:00041150       memset                     0000000180042150 f   MSVCRT:MSVCR100.dll
 0001:00041156       malloc                     0000000180042156 f   MSVCRT:MSVCR100.dll
 0001:00041170       __chkstk                   0000000180042170 f   MSVCRT:chkstk.obj
 0001:00041170       _alloca_probe              0000000180042170     MSVCRT:chkstk.obj
 0001:000411be       free                       00000001800421be f   MSVCRT:MSVCR100.dll
 0001:000411c4       strcmp                     00000001800421c4 f   MSVCRT:MSVCR100.dll
 0001:000411ca       sprintf                    00000001800421ca f   MSVCRT:MSVCR100.dll
 0001:000411d0       strcat                     00000001800421d0 f   MSVCRT:MSVCR100.dll
 0001:000411d6       memcpy                     00000001800421d6 f   MSVCRT:MSVCR100.dll
 0001:000411dc       NtCurrentTeb               00000001800421dc f i MSVCRT:crtdll.obj
 0001:00041248       _CRT_INIT                  0000000180042248 f   MSVCRT:crtdll.obj
 0001:000415e0       _DllMainCRTStartup         00000001800425e0 f   MSVCRT:crtdll.obj
 0001:0004161e       strncpy                    000000018004261e f   MSVCRT:MSVCR100.dll
 0001:00041624       longjmp                    0000000180042624 f   MSVCRT:MSVCR100.dll
 0001:0004162a       strncmp                    000000018004262a f   MSVCRT:MSVCR100.dll
 0001:00041630       ceil                       0000000180042630 f   MSVCRT:MSVCR100.dll
 0001:00041636       strrchr                    0000000180042636 f   MSVCRT:MSVCR100.dll
 0001:0004163c       _setjmp                    000000018004263c f   MSVCRT:MSVCR100.dll
 0001:00041642       calloc                     0000000180042642 f   MSVCRT:MSVCR100.dll
 0001:00041648       realloc                    0000000180042648 f   MSVCRT:MSVCR100.dll
 0001:0004164e       ldexp                      000000018004264e f   MSVCRT:MSVCR100.dll
 0001:00041654       __report_gsfailure         0000000180042654 f   MSVCRT:gs_report.obj
 0001:000417a0       __clean_type_info_names    00000001800427a0 f   MSVCRT:tncleanup.obj
 0001:000417ac       _onexit                    00000001800427ac f   MSVCRT:atonexit.obj
 0001:0004185c       atexit                     000000018004285c f   MSVCRT:atonexit.obj
 0001:00041874       _RTC_Initialize            0000000180042874 f   MSVCRT:_initsect_.obj
 0001:000418ac       _RTC_Terminate             00000001800428ac f   MSVCRT:_initsect_.obj
 0001:000418e4       _malloc_crt                00000001800428e4 f   MSVCRT:MSVCR100.dll
 0001:000418f0       _ValidateImageBase         00000001800428f0 f   MSVCRT:pesect.obj
 0001:00041920       _FindPESection             0000000180042920 f   MSVCRT:pesect.obj
 0001:00041970       _IsNonwritableInCurrentImage 0000000180042970 f   MSVCRT:pesect.obj
 0001:000419b2       _initterm                  00000001800429b2 f   MSVCRT:MSVCR100.dll
 0001:000419b8       _initterm_e                00000001800429b8 f   MSVCRT:MSVCR100.dll
 0001:000419be       _encoded_null              00000001800429be f   MSVCRT:MSVCR100.dll
 0001:000419c4       _amsg_exit                 00000001800429c4 f   MSVCRT:MSVCR100.dll
 0001:000419ca       __C_specific_handler       00000001800429ca f   MSVCRT:MSVCR100.dll
 0001:000419d0       __CppXcptFilter            00000001800429d0 f   MSVCRT:MSVCR100.dll
 0001:000419d8       DllMain                    00000001800429d8 f   MSVCRT:dllmain.obj
 0001:000419fc       __security_init_cookie     00000001800429fc f   MSVCRT:gs_support.obj
 0001:00041ab0       __crt_debugger_hook        0000000180042ab0 f   MSVCRT:MSVCR100.dll
 0001:00041ab6       __clean_type_info_names_internal 0000000180042ab6 f   MSVCRT:MSVCR100.dll
 0001:00041abc       _unlock                    0000000180042abc f   MSVCRT:MSVCR100.dll
 0001:00041ac2       __dllonexit                0000000180042ac2 f   MSVCRT:MSVCR100.dll
 0001:00041ac8       _lock                      0000000180042ac8 f   MSVCRT:MSVCR100.dll
 0001:00041ace       EncodePointer              0000000180042ace f   kernel32:KERNEL32.dll
 0001:00041ad4       DecodePointer              0000000180042ad4 f   kernel32:KERNEL32.dll
 0001:00041ada       Sleep                      0000000180042ada f   kernel32:KERNEL32.dll
 0001:00041ae0       TerminateProcess           0000000180042ae0 f   kernel32:KERNEL32.dll
 0001:00041ae6       GetCurrentProcess          0000000180042ae6 f   kernel32:KERNEL32.dll
 0001:00041aec       UnhandledExceptionFilter   0000000180042aec f   kernel32:KERNEL32.dll
 0001:00041af2       SetUnhandledExceptionFilter 0000000180042af2 f   kernel32:KERNEL32.dll
 0001:00041af8       IsDebuggerPresent          0000000180042af8 f   kernel32:KERNEL32.dll
 0001:00041afe       RtlVirtualUnwind           0000000180042afe f   kernel32:KERNEL32.dll
 0001:00041b04       RtlLookupFunctionEntry     0000000180042b04 f   kernel32:KERNEL32.dll
 0001:00041b0a       RtlCaptureContext          0000000180042b0a f   kernel32:KERNEL32.dll
 0001:00041b10       DisableThreadLibraryCalls  0000000180042b10 f   kernel32:KERNEL32.dll
 0001:00041b16       QueryPerformanceCounter    0000000180042b16 f   kernel32:KERNEL32.dll
 0001:00041b1c       GetTickCount               0000000180042b1c f   kernel32:KERNEL32.dll
 0001:00041b22       GetCurrentThreadId         0000000180042b22 f   kernel32:KERNEL32.dll
 0001:00041b28       GetCurrentProcessId        0000000180042b28 f   kernel32:KERNEL32.dll
 0001:00041b2e       GetSystemTimeAsFileTime    0000000180042b2e f   kernel32:KERNEL32.dll
 0002:00000000       __imp_GetSystemTimeAsFileTime 0000000180043000     kernel32:KERNEL32.dll
 0002:00000008       __imp_GetCurrentProcessId  0000000180043008     kernel32:KERNEL32.dll
 0002:00000010       __imp_GetCurrentThreadId   0000000180043010     kernel32:KERNEL32.dll
 0002:00000018       __imp_GetTickCount         0000000180043018     kernel32:KERNEL32.dll
 0002:00000020       __imp_QueryPerformanceCounter 0000000180043020     kernel32:KERNEL32.dll
 0002:00000028       __imp_DisableThreadLibraryCalls 0000000180043028     kernel32:KERNEL32.dll
 0002:00000030       __imp_RtlCaptureContext    0000000180043030     kernel32:KERNEL32.dll
 0002:00000038       __imp_RtlLookupFunctionEntry 0000000180043038     kernel32:KERNEL32.dll
 0002:00000040       __imp_RtlVirtualUnwind     0000000180043040     kernel32:KERNEL32.dll
 0002:00000048       __imp_IsDebuggerPresent    0000000180043048     kernel32:KERNEL32.dll
 0002:00000050       __imp_SetUnhandledExceptionFilter 0000000180043050     kernel32:KERNEL32.dll
 0002:00000058       __imp_UnhandledExceptionFilter 0000000180043058     kernel32:KERNEL32.dll
 0002:00000060       __imp_GetCurrentProcess    0000000180043060     kernel32:KERNEL32.dll
 0002:00000068       __imp_TerminateProcess     0000000180043068     kernel32:KERNEL32.dll
 0002:00000070       __imp_Sleep                0000000180043070     kernel32:KERNEL32.dll
 0002:00000078       __imp_DecodePointer        0000000180043078     kernel32:KERNEL32.dll
 0002:00000080       __imp_EncodePointer        0000000180043080     kernel32:KERNEL32.dll
 0002:00000088       \177KERNEL32_NULL_THUNK_DATA 0000000180043088     kernel32:KERNEL32.dll
 0002:00000090       __imp__onexit              0000000180043090     MSVCRT:MSVCR100.dll
 0002:00000098       __imp__lock                0000000180043098     MSVCRT:MSVCR100.dll
 0002:000000a0       __imp___dllonexit          00000001800430a0     MSVCRT:MSVCR100.dll
 0002:000000a8       __imp__unlock              00000001800430a8     MSVCRT:MSVCR100.dll
 0002:000000b0       __imp___clean_type_info_names_internal 00000001800430b0     MSVCRT:MSVCR100.dll
 0002:000000b8       __imp___crt_debugger_hook  00000001800430b8     MSVCRT:MSVCR100.dll
 0002:000000c0       __imp___CppXcptFilter      00000001800430c0     MSVCRT:MSVCR100.dll
 0002:000000c8       __imp___C_specific_handler 00000001800430c8     MSVCRT:MSVCR100.dll
 0002:000000d0       __imp__amsg_exit           00000001800430d0     MSVCRT:MSVCR100.dll
 0002:000000d8       __imp__encoded_null        00000001800430d8     MSVCRT:MSVCR100.dll
 0002:000000e0       __imp__initterm_e          00000001800430e0     MSVCRT:MSVCR100.dll
 0002:000000e8       __imp__initterm            00000001800430e8     MSVCRT:MSVCR100.dll
 0002:000000f0       __imp__malloc_crt          00000001800430f0     MSVCRT:MSVCR100.dll
 0002:000000f8       __imp_ldexp                00000001800430f8     MSVCRT:MSVCR100.dll
 0002:00000100       __imp_realloc              0000000180043100     MSVCRT:MSVCR100.dll
 0002:00000108       __imp_calloc               0000000180043108     MSVCRT:MSVCR100.dll
 0002:00000110       __imp__setjmp              0000000180043110     MSVCRT:MSVCR100.dll
 0002:00000118       __imp_strrchr              0000000180043118     MSVCRT:MSVCR100.dll
 0002:00000120       __imp_ceil                 0000000180043120     MSVCRT:MSVCR100.dll
 0002:00000128       __imp_strncmp              0000000180043128     MSVCRT:MSVCR100.dll
 0002:00000130       __imp_longjmp              0000000180043130     MSVCRT:MSVCR100.dll
 0002:00000138       __imp_strncpy              0000000180043138     MSVCRT:MSVCR100.dll
 0002:00000140       __imp_memcpy               0000000180043140     MSVCRT:MSVCR100.dll
 0002:00000148       __imp_strcat               0000000180043148     MSVCRT:MSVCR100.dll
 0002:00000150       __imp_sprintf              0000000180043150     MSVCRT:MSVCR100.dll
 0002:00000158       __imp_strcmp               0000000180043158     MSVCRT:MSVCR100.dll
 0002:00000160       __imp_free                 0000000180043160     MSVCRT:MSVCR100.dll
 0002:00000168       __imp_malloc               0000000180043168     MSVCRT:MSVCR100.dll
 0002:00000170       __imp_memset               0000000180043170     MSVCRT:MSVCR100.dll
 0002:00000178       __imp_strlen               0000000180043178     MSVCRT:MSVCR100.dll
 0002:00000180       \177MSVCR100_NULL_THUNK_DATA 0000000180043180     MSVCRT:MSVCR100.dll
 0002:00000188       __imp_emlrtIsEnumR2009a    0000000180043188     libemlrt:libemlrt.dll
 0002:00000190       __imp_emlrtGetEnumUnderlyingArrayR2009a 0000000180043190     libemlrt:libemlrt.dll
 0002:00000198       __imp_emlrtTranslateUTF16MessagetoLCPstring 0000000180043198     libemlrt:libemlrt.dll
 0002:000001a0       __imp_emlrtForLoopVectorIsValidR2011b 00000001800431a0     libemlrt:libemlrt.dll
 0002:000001a8       __imp_emlrtTranslateMessageIDtoLCPstring 00000001800431a8     libemlrt:libemlrt.dll
[...]
 0001:00018860       check_array_dimensions     0000000180019860 f   sfc_mex:sfc_mex.obj
 0001:000188d0       check_input_mxarray        00000001800198d0 f   sfc_mex:sfc_mex.obj
 0001:00019010       sf_numeric_value_to_double 000000018001a010 f   sfc_mex:sfc_mex.obj
 0001:00019060       ml_generic_out_of_bounds_check 000000018001a060 f   sfc_mex:sfc_mex.obj
 0001:00019230       ml_get_element_value_from_array 000000018001a230 f   sfc_mex:sfc_mex.obj
 0001:000195d0       _ml_generic_castability_check 000000018001a5d0 f   sfc_mex:sfc_mex.obj
 0001:0001a330       ml_generic_castability_check 000000018001b330 f   sfc_mex:sfc_mex.obj
 0001:0001a3d0       ml_check_mx_array_for_single_castability 000000018001b3d0 f   sfc_mex:sfc_mex.obj
 0001:0001a470       ml_check_mx_array_for_logical_castability 000000018001b470 f   sfc_mex:sfc_mex.obj
 0001:0001a510       ml_check_mx_array_for_int8_castability 000000018001b510 f   sfc_mex:sfc_mex.obj
 0001:0001a5c0       ml_check_mx_array_for_uint8_castability 000000018001b5c0 f   sfc_mex:sfc_mex.obj
 0001:0001a620       ml_check_mx_array_for_int16_castability 000000018001b620 f   sfc_mex:sfc_mex.obj
 0001:0001a680       ml_check_mx_array_for_uint16_castability 000000018001b680 f   sfc_mex:sfc_mex.obj
 0001:0001a6e0       ml_check_mx_array_for_int32_castability 000000018001b6e0 f   sfc_mex:sfc_mex.obj
 0001:0001a740       ml_check_mx_array_for_uint32_castability 000000018001b740 f   sfc_mex:sfc_mex.obj
 0001:0001a7a0       ml_check_mx_array_for_castability 000000018001b7a0 f   sfc_mex:sfc_mex.obj
 0001:0001b0d0       set_data_value             000000018001c0d0 f   sfc_mex:sfc_mex.obj
 0001:0001b440       get_data_value             000000018001c440 f   sfc_mex:sfc_mex.obj
 0001:0001b550       get_next_element_address   000000018001c550 f   sfc_mex:sfc_mex.obj
 0001:0001b620       sf_normalize_index         000000018001c620 f   sfc_mex:sfc_mex.obj
 0001:0001b9b0       ml_array_index_bound_check 000000018001c9b0 f   sfc_mex:sfc_mex.obj
 0001:0001c4d0       mx_value                   000000018001d4d0 f   sfc_mex:sfc_mex.obj
 0001:0001c520       sf_create_numeric_array    000000018001d520 f   sfc_mex:sfc_mex.obj
 0001:0001c5c0       sf_mex_assign_to_mx_array  000000018001d5c0 f   sfc_mex:sfc_mex.obj
 0001:0001c910       assign_from_mx_array       000000018001d910 f   sfc_mex:sfc_mex.obj
 0001:0001d140       sf_mex_import_v            000000018001e140 f   sfc_mex:sfc_mex.obj
 0001:0001d840       get_machine_and_chart_file_number 000000018001e840 f   sfc_mex:sfc_sf.obj
 0001:0001d930       get_sfun_block_specialization 000000018001e930 f   sfc_mex:sfc_sf.obj
 0001:0001d9e0       call_sf_machine_global_method_dispatcher 000000018001e9e0 f   sfc_mex:sfc_sf.obj
 0001:0001dc30       mdl_zeroCrossings_processing 000000018001ec30 f   sfc_mex:sfc_sf.obj
 0001:0001dd00       mdl_derivatives_processing 000000018001ed00 f   sfc_mex:sfc_sf.obj
 0001:0001dfc0       mdl_outputs_continuous_legacy 000000018001efc0 f   sfc_mex:sfc_sf.obj
 0001:0001e040       mdl_outputs_processing     000000018001f040 f   sfc_mex:sfc_sf.obj
 0001:0001e2b0       mdl_enable_processing      000000018001f2b0 f   sfc_mex:sfc_sf.obj
 0001:0001e380       mdl_disable_processing     000000018001f380 f   sfc_mex:sfc_sf.obj
 0001:0001f0f0       sf_call_output_fcn_enable_disable 00000001800200f0 f   sfc_mex:sfc_sf.obj
 0001:0001f370       set_dwork_information_from_mx_array 0000000180020370 f   sfc_mex:sfc_sf.obj
 0001:0001fc30       ptr2mxStruct               0000000180020c30 f   sfc_mex:sfc_sf.obj
 0001:0001ff40       SNPRINTF_WRAPPER           0000000180020f40 f   sfc_debug:sfcdebug.obj
 0001:0001ff60       sf_debug_chart_instance_initialized_quick 0000000180020f60 f   sfc_debug:sfcdebug.obj
 0001:0001ff70       sf_debug_chart_instance_initialized 0000000180020f70 f   sfc_debug:sfcdebug.obj
 0001:00020110       sfrtAddSize                0000000180021110 f   sfc_debug:sfcdebug.obj
 0001:000201d0       sfrtGenSizeString          00000001800211d0 f   sfc_debug:sfcdebug.obj
 0001:000208e0       fill_single_message_info   00000001800218e0 f   sfc_debug:sfcdebug.obj
 0001:00020aa0       sf_debug_sim_status_listener 0000000180021aa0 f   sfc_debug:sfcdebug.obj
 0001:00021010       sf_debug_form_mask_bits    0000000180022010 f   sfc_debug:sfcdebug.obj
 0001:00021050       sf_debug_form_sf_data_type_offsets 0000000180022050 f   sfc_debug:sfcdebug.obj
 0001:00021110       sf_debug_free_all          0000000180022110 f   sfc_debug:sfcdebug.obj
 0001:000212c0       sf_debug_append_debugger_context 00000001800222c0 f   sfc_debug:sfcdebug.obj
 0001:00021460       sf_debug_update_always_honor_breakpoints 0000000180022460 f   sfc_debug:sfcdebug.obj
 0001:00021630       local_strdup               0000000180022630 f   sfc_debug:sfcdebug.obj
 0001:00022510       sf_debug_em_terminate      0000000180023510 f   sfc_debug:sfcdebug.obj
 0001:00022550       sf_debug_push_eml_function 0000000180023550 f   sfc_debug:sfcdebug.obj
 0001:000225f0       sf_debug_pop_eml_function  00000001800235f0 f   sfc_debug:sfcdebug.obj
 0001:000232f0       sf_debug_get_machine_number_from_id_or_name 00000001800242f0 f   sfc_debug:sfcdebug.obj
 0001:00023440       sf_debug_get_chart_number_from_id 0000000180024440 f   sfc_debug:sfcdebug.obj
 0001:000241e0       sf_debug_transfer_control_to_debugger_GUI 00000001800251e0 f   sfc_debug:sfcdebug.obj
 0001:00025170       sf_debug_scripts_rehash    0000000180026170 f   sfc_debug:sfcdebug.obj
 0001:000253b0       sf_debug_get_script_line_count 00000001800263b0 f   sfc_debug:sfcdebug.obj
 0001:00025ce0       cv_eml_state_cvId          0000000180026ce0 f   sfc_debug:sfcdebug.obj
 0001:00025d50       cv_eml_trans_cvId          0000000180026d50 f   sfc_debug:sfcdebug.obj
 0001:000270e0       sf_debug_data_array_bounds_error 00000001800280e0 f   sfc_debug:sfcdebug.obj
 0001:00027510       eml_debug_runtime_error_doclink 0000000180028510 f   sfc_debug:sfcdebug.obj
 0001:00027670       sf_debug_runtime_error     0000000180028670 f   sfc_debug:sfcdebug.obj
 0001:000276e0       sf_debug_matlab_error      00000001800286e0 f   sfc_debug:sfcdebug.obj
 0001:00028020       sf_debug_data_value_error  0000000180029020 f   sfc_debug:sfcdebug.obj
 0001:00028920       sf_debug_data_loss_error   0000000180029920 f   sfc_debug:sfcdebug.obj
 0001:000298b0       call_cv_range_check        000000018002a8b0 f   sfc_debug:sfcdebug.obj
 0001:0002a080       sf_debug_invoke_cycle_detection_code 000000018002b080 f   sfc_debug:sfcdebug.obj
 0001:0002af00       sf_reset_debug_info_struct 000000018002bf00 f   sfc_debug:sfcdebug.obj
 0001:0002b760       cv_script_cvId             000000018002c760 f   sfc_debug:sfcdebug.obj
 0001:0002c4c0       sfc_api_chart_visible      000000018002d4c0 f   sfc_debug:sfc_api.obj
 0001:0002c540       sfc_api_active_instance    000000018002d540 f   sfc_debug:sfc_api.obj
 0001:0002c5c0       sfc_api_machine_load       000000018002d5c0 f   sfc_debug:sfc_api.obj
 0001:0002c690       sfc_api_debugger_alive     000000018002d690 f   sfc_debug:sfc_api.obj
 0001:0002c6a0       sfc_api_go                 000000018002d6a0 f   sfc_debug:sfc_api.obj
 0001:0002c6b0       sfc_api_step_over          000000018002d6b0 f   sfc_debug:sfc_api.obj
 0001:0002c6c0       sfc_api_step_out           000000018002d6c0 f   sfc_debug:sfc_api.obj
 0001:0002c6d0       sfc_api_resume             000000018002d6d0 f   sfc_debug:sfc_api.obj
 0001:0002c6e0       sfc_api_break              000000018002d6e0 f   sfc_debug:sfc_api.obj
 0001:0002c6f0       sfc_api_stop_debugging     000000018002d6f0 f   sfc_debug:sfc_api.obj
 0001:0002c740       sfc_api_is_cycle_detected  000000018002d740 f   sfc_debug:sfc_api.obj
 0001:0002c790       sfc_api_is_array_bounds_detected 000000018002d790 f   sfc_debug:sfc_api.obj
 0001:0002c7e0       sfc_api_set_disable_all_breakpoints 000000018002d7e0 f   sfc_debug:sfc_api.obj
 0001:0002c850       sfc_api_disable_all_breakpoints_and_go 000000018002d850 f   sfc_debug:sfc_api.obj
 0001:0002c860       sfc_api_close              000000018002d860 f   sfc_debug:sfc_api.obj
 0001:0002c870       sfc_api_browse_data        000000018002d870 f   sfc_debug:sfc_api.obj
 0001:0002c8e0       sfc_api_watch_data         000000018002d8e0 f   sfc_debug:sfc_api.obj
 0001:0002c9e0       sfc_api_extract_message_post_receive_info 000000018002d9e0 f   sfc_debug:sfc_api.obj
 0001:0002ca00       sfc_api_assign_data        000000018002da00 f   sfc_debug:sfc_api.obj
 0001:0002caa0       sfc_api_whos               000000018002daa0 f   sfc_debug:sfc_api.obj
 0001:0002cb30       sfc_api_get_consistency_info 000000018002db30 f   sfc_debug:sfc_api.obj
 0001:0002cb40       sfc_api_browse_trace       000000018002db40 f   sfc_debug:sfc_api.obj
 0001:0002cb50       sfc_api_break_on_chart_entry 000000018002db50 f   sfc_debug:sfc_api.obj
 0001:0002cb70       sfc_api_break_on_event_broadcast 000000018002db70 f   sfc_debug:sfc_api.obj
 0001:0002cb90       sfc_api_break_on_state_entry 000000018002db90 f   sfc_debug:sfc_api.obj
 0001:0002cbb0       sfc_api_set_watch          000000018002dbb0 f   sfc_debug:sfc_api.obj
 0001:0002cc50       sfc_api_set_breakpoints    000000018002dc50 f   sfc_debug:sfc_api.obj
 0001:0002ccf0       sfc_api_set_eml_breakpoints 000000018002dcf0 f   sfc_debug:sfc_api.obj
 0001:0002cd70       sfc_api_set_script_breakpoints 000000018002dd70 f   sfc_debug:sfc_api.obj
 0001:0002cdc0       sfc_api_add_script_breakpoints 000000018002ddc0 f   sfc_debug:sfc_api.obj
 0001:0002ce10       sfc_api_clear_script_breakpoints 000000018002de10 f   sfc_debug:sfc_api.obj
 0001:0002ce60       sfc_api_query_script_breakpoints 000000018002de60 f   sfc_debug:sfc_api.obj
 0001:0002cec0       sfc_api_get_script_id      000000018002dec0 f   sfc_debug:sfc_api.obj
 0001:0002cf80       sfc_api_get_active_states  000000018002df80 f   sfc_debug:sfc_api.obj
 0001:0002d000       sfc_api_break_between_times 000000018002e000 f   sfc_debug:sfc_api.obj
 0001:0002d060       sfc_api_get_instance_handle 000000018002e060 f   sfc_debug:sfc_api.obj
 0001:0002d110       sfc_api_set_animation      000000018002e110 f   sfc_debug:sfc_api.obj
 0001:0002d160       sfc_api_select_chart       000000018002e160 f   sfc_debug:sfc_api.obj
 0001:0002d1c0       sfc_api_select_charts      000000018002e1c0 f   sfc_debug:sfc_api.obj
 0001:0002d1f0       sfc_api_cycle_detection_check 000000018002e1f0 f   sfc_debug:sfc_api.obj
 0001:0002d240       sfc_api_data_range_check   000000018002e240 f   sfc_debug:sfc_api.obj
 0001:0002d290       sfc_api_transition_conflict_check 000000018002e290 f   sfc_debug:sfc_api.obj
 0001:0002d2e0       sfc_api_state_consistency_check 000000018002e2e0 f   sfc_debug:sfc_api.obj
 0001:0002d330       sfc_api_set_instance_cv_ids 000000018002e330 f   sfc_debug:sfc_api.obj
 0001:0002d440       sfc_api_set_script_cv_ids  000000018002e440 f   sfc_debug:sfc_api.obj
 0001:0002d4f0       sfc_api_get_current_machine_id 000000018002e4f0 f   sfc_debug:sfc_api.obj
 0001:0002d520       sfc_api_get_current_machine_number 000000018002e520 f   sfc_debug:sfc_api.obj
 0001:0002d550       sfc_api_get_current_chart_number 000000018002e550 f   sfc_debug:sfc_api.obj
 0001:0002d580       sfc_api_get_current_instance_number 000000018002e580 f   sfc_debug:sfc_api.obj
 0001:0002d5b0       sfc_api_get_current_instance_handle 000000018002e5b0 f   sfc_debug:sfc_api.obj
 0001:0002d5d0       sfc_api_get_current_is_minor_time_step 000000018002e5d0 f   sfc_debug:sfc_api.obj
 0001:0002d600       sfc_api_get_current_machine_name 000000018002e600 f   sfc_debug:sfc_api.obj
 0001:0002d620       sfc_api_get_current_chart_id 000000018002e620 f   sfc_debug:sfc_api.obj
 0001:0002d650       sfc_api_get_current_object_type 000000018002e650 f   sfc_debug:sfc_api.obj
 0001:0002d680       sfc_api_get_current_event_type 000000018002e680 f   sfc_debug:sfc_api.obj
 0001:0002d6b0       sfc_api_get_current_object_id 000000018002e6b0 f   sfc_debug:sfc_api.obj
 0001:0002d6e0       sfc_get_current_active_event_type 000000018002e6e0 f   sfc_debug:sfc_api.obj
 0001:0002d710       sfc_api_get_current_active_event_id 000000018002e710 f   sfc_debug:sfc_api.obj
 0001:0002d740       sfc_api_get_current_simulation_time 000000018002e740 f   sfc_debug:sfc_api.obj
 0001:0002d760       sfc_get_current_tag_type   000000018002e760 f   sfc_debug:sfc_api.obj
 0001:0002d790       sfc_get_current_coverage_percentage 000000018002e790 f   sfc_debug:sfc_api.obj
 0001:0002d7b0       sfc_get_current_statement_context 000000018002e7b0 f   sfc_debug:sfc_api.obj
 0001:0002d7d0       sfc_get_current_optional_integer 000000018002e7d0 f   sfc_debug:sfc_api.obj
 0001:0002d800       sfc_get_current_statement_info 000000018002e800 f   sfc_debug:sfc_api.obj
 0001:0002d8a0       sfc_api_get                000000018002e8a0 f   sfc_debug:sfc_api.obj
 0001:0002e510       sf_debug_sm_fill_state_activity_data 000000018002f510 f   sfc_debug:sfdb_animation.obj
 0001:00030e10       void_ptr_stack_vector_free_total 0000000180031e10 f   sfc_debug:sfdb_data_browse.obj
 0001:00030ea0       sf_debug_st_terminate_machine 0000000180031ea0 f   sfc_debug:sfdb_data_browse.obj
 0001:00030ee0       sf_debug_st_terminate_instance 0000000180031ee0 f   sfc_debug:sfdb_data_browse.obj
 0001:00031290       push_on_to_void_ptr_stack  0000000180032290 f   sfc_debug:sfdb_data_browse.obj
 0001:00031420       pop_from_void_ptr_stack    0000000180032420 f   sfc_debug:sfdb_data_browse.obj
 0001:00031550       sf_debug_st_get_data_value 0000000180032550 f   sfc_debug:sfdb_data_browse.obj
 0001:00031ae0       mx_value                   0000000180032ae0 f   sfc_debug:sfdb_data_browse.obj
 0001:00031b20       sf_debug_st_fill_data_struct 0000000180032b20 f   sfc_debug:sfdb_data_browse.obj
 0001:00031e60       data_type_format_strings   0000000180032e60 f   sfc_debug:sfdb_data_browse.obj
 0001:00031f10       sf_debug_st_fill_data      0000000180032f10 f   sfc_debug:sfdb_data_browse.obj
 0001:00032c60       sf_debug_hm_get_simulink_handle 0000000180033c60 f   sfc_debug:sfdb_handle_management.obj
 0001:00033760       sf_debug_hm_initialize_globals 0000000180034760 f   sfc_debug:sfdb_handle_management.obj
 0001:00033860       sf_debug_hm_get_machine_debug_flag 0000000180034860 f   sfc_debug:sfdb_handle_management.obj
 0001:000339d0       sf_debug_hm_get_machine_id 00000001800349d0 f   sfc_debug:sfdb_handle_management.obj
 0001:00033af0       sf_debug_hm_get_chart_id   0000000180034af0 f   sfc_debug:sfdb_handle_management.obj
 0001:00033c90       sf_debug_hm_register_executing_SFunction 0000000180034c90 f   sfc_debug:sfdb_handle_management.obj
 0001:00034020       sf_debug_hm_form_object_boolean_properties 0000000180035020 f   sfc_debug:sfdb_handle_management.obj
 0001:000342f0       sf_debug_hm_form_object_properties 00000001800352f0 f   sfc_debug:sfdb_handle_management.obj
 0001:00034530       sf_debug_hm_terminate_charts 0000000180035530 f   sfc_debug:sfdb_handle_management.obj
 0001:00034c90       sf_debug_hm_terminate_machines 0000000180035c90 f   sfc_debug:sfdb_handle_management.obj
 0001:00036890       sf_debug_ss_copy_dimension 0000000180037890 f   sfc_debug:sfdb_symbol_scope.obj
 0001:00036950       sf_debug_ss_get_number_elements 0000000180037950 f   sfc_debug:sfdb_symbol_scope.obj
 0001:00036970       sf_debug_ss_fill_data_struct 0000000180037970 f   sfc_debug:sfdb_symbol_scope.obj
 0001:00036cc0       sf_debug_ss_reset_data_info 0000000180037cc0 f   sfc_debug:sfdb_symbol_scope.obj
 0001:00036d20       sf_debug_fill_data_info_by_symbol_scope_entry 0000000180037d20 f   sfc_debug:sfdb_symbol_scope.obj
 0001:00036de0       sf_debug_fill_data_info_by_data_vector 0000000180037de0 f   sfc_debug:sfdb_symbol_scope.obj
 0001:00037030       get_data_info_helper       0000000180038030 f   sfc_debug:sfdb_symbol_scope.obj
 0001:00037130       sf_debug_ss_get_data_info  0000000180038130 f   sfc_debug:sfdb_symbol_scope.obj
 0001:00037360       sf_debug_select_mex_function 0000000180038360 f   sfc_debug:sfdb_symbol_scope.obj
 0001:00037390       sf_debug_is_dyn_matrix_initialized 0000000180038390 f   sfc_debug:sfdb_symbol_scope.obj
 0001:000373b0       sf_debug_ss_set_data_value_try 00000001800383b0 f   sfc_debug:sfdb_symbol_scope.obj
 0001:00037580       sf_debug_ss_get_data_value 0000000180038580 f   sfc_debug:sfdb_symbol_scope.obj
 0001:00037cf0       sf_debug_ss_data_bytes_string 0000000180038cf0 f   sfc_debug:sfdb_symbol_scope.obj
 0001:00037da0       sf_debug_ss_data_class_string 0000000180038da0 f   sfc_debug:sfdb_symbol_scope.obj
 0001:00038130       sf_debug_ss_data_size_string 0000000180039130 f   sfc_debug:sfdb_symbol_scope.obj
 0001:00038210       sf_debug_ss_data_create_data_info_struct 0000000180039210 f   sfc_debug:sfdb_symbol_scope.obj
 0001:000384e0       sf_debug_ss_data_create_name_value_pair 00000001800394e0 f   sfc_debug:sfdb_symbol_scope.obj
 0001:00038580       sf_debug_ss_data_get_whos_info 0000000180039580 f   sfc_debug:sfdb_symbol_scope.obj
 0001:00038590       same_named_data_in_data_array 0000000180039590 f   sfc_debug:sfdb_symbol_scope.obj
 0001:00039e20       sf_debug_cc_terminate_chart 000000018003ae20 f   sfc_debug:sfdb_coverage.obj
 0001:0003a1c0       sf_debug_cc_terminate_instance 000000018003b1c0 f   sfc_debug:sfdb_coverage.obj
 0001:0003adb0       sf_debug_cc_mark_object_if_needed 000000018003bdb0 f   sfc_debug:sfdb_coverage.obj
 0001:0003b6b0       sf_debug_bm_initialize_eml 000000018003c6b0 f   sfc_debug:sfdb_breakpoints.obj
 0001:0003c7f0       sf_debug_bm_map_debug_tag_to_breakpoint_tag 000000018003d7f0 f   sfc_debug:sfdb_breakpoints.obj
 0001:0003c8d0       sf_debug_bm_is_a_eml_breakpoint_impl 000000018003d8d0 f   sfc_debug:sfdb_breakpoints.obj
 0001:0003e410       sf_debug_sc_push_on_error_stack 000000018003f410 f   sfc_debug:sfdb_state_consistency.obj
 0001:0003e540       sf_debug_sc_reset_error_stack 000000018003f540 f   sfc_debug:sfdb_state_consistency.obj
 0001:0003e6d0       sf_debug_sc_is_state_inconsistent 000000018003f6d0 f   sfc_debug:sfdb_state_consistency.obj
 0001:0003e9d0       sf_debug_sc_fill_consistency_info 000000018003f9d0 f   sfc_debug:sfdb_state_consistency.obj
 0001:0003efb0       void_assertion_fcn         000000018003ffb0 f   sfc_debug:sfdb_call_stack.obj
 0001:0003f530       sf_debug_tm_fill_local_trace 0000000180040530 f   sfc_debug:sfdb_call_stack.obj
 0001:0003fb00       sf_debug_cd_terminate_instance 0000000180040b00 f   sfc_debug:sfdb_cycle_detection.obj
 0001:0003fb60       sf_debug_cd_free_checksum_stack 0000000180040b60 f   sfc_debug:sfdb_cycle_detection.obj
 0001:0003fbb0       sf_debug_cd_reset_pack_strings 0000000180040bb0 f   sfc_debug:sfdb_cycle_detection.obj
 0001:00040270       md5file_clear              0000000180041270 f   sfc_debug:ckmd5.obj
 0001:000402a0       Encode                     00000001800412a0 f   sfc_debug:ckmd5.obj
 0001:000402f0       Decode                     00000001800412f0 f   sfc_debug:ckmd5.obj
 0001:00040390       MD5Transform               0000000180041390 f   sfc_debug:ckmd5.obj
 0001:00040be0       md5file_addn               0000000180041be0 f   sfc_debug:ckmd5.obj
 0001:00040cb0       md5file_hash               0000000180041cb0 f   sfc_debug:ckmd5.obj
 0001:000411e8       pre_c_init                 00000001800421e8 f   MSVCRT:crtdll.obj
 0001:000414a4       __DllMainCRTStartup        00000001800424a4 f   MSVCRT:crtdll.obj
 0001:00041b40       __DllMainCRTStartup$filt$0 0000000180042b40 f   MSVCRT:crtdll.obj
 0001:00041b70       __DllMainCRTStartup$fin$1  0000000180042b70 f   MSVCRT:crtdll.obj
 0001:00041b8a       _onexit$fin$0              0000000180042b8a f   MSVCRT:atonexit.obj
 0001:00041bb0       _IsNonwritableInCurrentImage$filt$0 0000000180042bb0 f   MSVCRT:pesect.obj
